Component: ARM Compiler 5.06 update 6 (build 750) Tool: armlink [4d35ed]

==============================================================================

Section Cross References

    startup_stm32f103xb.o(STACK) refers (Special) to heapauxi.o(.text) for __use_two_region_memory
    startup_stm32f103xb.o(HEAP) refers (Special) to heapauxi.o(.text) for __use_two_region_memory
    startup_stm32f103xb.o(RESET) refers (Special) to heapauxi.o(.text) for __use_two_region_memory
    startup_stm32f103xb.o(RESET) refers to startup_stm32f103xb.o(STACK) for __initial_sp
    startup_stm32f103xb.o(RESET) refers to startup_stm32f103xb.o(.text) for Reset_Handler
    startup_stm32f103xb.o(RESET) refers to stm32f1xx_it.o(i.NMI_Handler) for NMI_Handler
    startup_stm32f103xb.o(RESET) refers to stm32f1xx_it.o(i.HardFault_Handler) for HardFault_Handler
    startup_stm32f103xb.o(RESET) refers to stm32f1xx_it.o(i.MemManage_Handler) for MemManage_Handler
    startup_stm32f103xb.o(RESET) refers to stm32f1xx_it.o(i.BusFault_Handler) for BusFault_Handler
    startup_stm32f103xb.o(RESET) refers to stm32f1xx_it.o(i.UsageFault_Handler) for UsageFault_Handler
    startup_stm32f103xb.o(RESET) refers to port.o(.emb_text) for SVC_Handler
    startup_stm32f103xb.o(RESET) refers to stm32f1xx_it.o(i.DebugMon_Handler) for DebugMon_Handler
    startup_stm32f103xb.o(RESET) refers to port.o(i.SysTick_Handler) for SysTick_Handler
    startup_stm32f103xb.o(RESET) refers to stm32f1xx_it.o(i.TIM4_IRQHandler) for TIM4_IRQHandler
    startup_stm32f103xb.o(.text) refers (Special) to heapauxi.o(.text) for __use_two_region_memory
    startup_stm32f103xb.o(.text) refers to system_stm32f1xx.o(i.SystemInit) for SystemInit
    startup_stm32f103xb.o(.text) refers to __main.o(!!!main) for __main
    startup_stm32f103xb.o(.text) refers to startup_stm32f103xb.o(HEAP) for Heap_Mem
    startup_stm32f103xb.o(.text) refers to startup_stm32f103xb.o(STACK) for Stack_Mem
    armlib_lock_glue.o(i.__armlib_thread_safety_init) refers to armlib_lock_glue.o(i.stm32_lock_acquire) for stm32_lock_acquire
    armlib_lock_glue.o(i.__armlib_thread_safety_init) refers to armlib_lock_glue.o(i.stm32_lock_release) for stm32_lock_release
    armlib_lock_glue.o(i.__armlib_thread_safety_init) refers to armlib_lock_glue.o(.bss) for .bss
    armlib_lock_glue.o(i._mutex_acquire) refers to armlib_lock_glue.o(i.stm32_lock_acquire) for stm32_lock_acquire
    armlib_lock_glue.o(i._mutex_acquire) refers to main.o(i.Error_Handler) for Error_Handler
    armlib_lock_glue.o(i._mutex_acquire) refers to armlib_lock_glue.o(i.stm32_lock_release) for stm32_lock_release
    armlib_lock_glue.o(i._mutex_acquire) refers to armlib_lock_glue.o(.bss) for .bss
    armlib_lock_glue.o(i._mutex_free) refers to armlib_lock_glue.o(i.stm32_lock_acquire) for stm32_lock_acquire
    armlib_lock_glue.o(i._mutex_free) refers to main.o(i.Error_Handler) for Error_Handler
    armlib_lock_glue.o(i._mutex_free) refers to armlib_lock_glue.o(i.stm32_lock_release) for stm32_lock_release
    armlib_lock_glue.o(i._mutex_free) refers to armlib_lock_glue.o(.bss) for .bss
    armlib_lock_glue.o(i._mutex_initialize) refers to armlib_lock_glue.o(i.stm32_lock_acquire) for stm32_lock_acquire
    armlib_lock_glue.o(i._mutex_initialize) refers to armlib_lock_glue.o(i.stm32_lock_release) for stm32_lock_release
    armlib_lock_glue.o(i._mutex_initialize) refers to main.o(i.Error_Handler) for Error_Handler
    armlib_lock_glue.o(i._mutex_initialize) refers to armlib_lock_glue.o(.bss) for .bss
    armlib_lock_glue.o(i._mutex_release) refers to armlib_lock_glue.o(i.stm32_lock_acquire) for stm32_lock_acquire
    armlib_lock_glue.o(i._mutex_release) refers to main.o(i.Error_Handler) for Error_Handler
    armlib_lock_glue.o(i._mutex_release) refers to armlib_lock_glue.o(i.stm32_lock_release) for stm32_lock_release
    armlib_lock_glue.o(i._mutex_release) refers to armlib_lock_glue.o(.bss) for .bss
    armlib_lock_glue.o(i.stm32_lock_acquire) refers to main.o(i.Error_Handler) for Error_Handler
    armlib_lock_glue.o(i.stm32_lock_release) refers to main.o(i.Error_Handler) for Error_Handler
    armlib_lock_glue.o(.init_array) refers to armlib_lock_glue.o(i.__armlib_thread_safety_init) for __armlib_thread_safety_init
    armlib_lock_glue.o(.init_array) refers to init_aeabi.o(.text) for __cpp_initialize__aeabi_
    find_root.o(i.derivativePostfix) refers to faddsub_clz.o(x$fpl$fadd) for __aeabi_fadd
    find_root.o(i.derivativePostfix) refers to postfix.o(i.evaluatePostfix) for evaluatePostfix
    find_root.o(i.derivativePostfix) refers to faddsub_clz.o(x$fpl$fsub) for __aeabi_fsub
    find_root.o(i.derivativePostfix) refers to scalbnf.o(x$fpl$scalbnf) for __ARM_scalbnf
    find_root.o(i.derivativePostfix) refers to fdiv.o(x$fpl$fdiv) for __aeabi_fdiv
    find_root.o(i.find_isolation_interval) refers to postfix.o(i.evaluatePostfix) for evaluatePostfix
    find_root.o(i.find_isolation_interval) refers to find_root.o(i.__ARM_isnanf) for __ARM_isnanf
[...]
    xBlockAllocatedBit                       0x200000a4   Data           4  heap_4.o(.data)
    xStart                                   0x200000a8   Data           8  heap_4.o(.data)
    .data                                    0x200000b0   Section       12  port.o(.data)
    ucMaxSysCallPriority                     0x200000b0   Data           1  port.o(.data)
    uxCriticalNesting                        0x200000b4   Data           4  port.o(.data)
    ulMaxPRIGROUPValue                       0x200000b8   Data           4  port.o(.data)
    .bss                                     0x200000bc   Section      140  armlib_lock_glue.o(.bss)
    static_list_lock                         0x200000bc   Data          12  armlib_lock_glue.o(.bss)
    static_lock                              0x200000c8   Data         128  armlib_lock_glue.o(.bss)
    .bss                                     0x20000148   Section      100  key_board.o(.bss)
    .bss                                     0x200001ac   Section      800  postfix.o(.bss)
    output                                   0x200001ac   Data         800  postfix.o(.bss)
    .bss                                     0x200004cc   Section     1024  ssd1306.o(.bss)
    SSD1306_Buffer                           0x200004cc   Data        1024  ssd1306.o(.bss)
    .bss                                     0x200008cc   Section      120  main.o(.bss)
    .bss                                     0x20000944   Section      596  freertos.o(.bss)
    xIdleTaskTCBBuffer                       0x20000944   Data          84  freertos.o(.bss)
    xIdleStack                               0x20000998   Data         512  freertos.o(.bss)
    .bss                                     0x20000b98   Section       72  stm32f1xx_hal_timebase_tim.o(.bss)
    .bss                                     0x20000be0   Section      240  tasks.o(.bss)
    pxReadyTasksLists                        0x20000be0   Data         140  tasks.o(.bss)
    xDelayedTaskList1                        0x20000c6c   Data          20  tasks.o(.bss)
    xDelayedTaskList2                        0x20000c80   Data          20  tasks.o(.bss)
    xPendingReadyList                        0x20000c94   Data          20  tasks.o(.bss)
    xTasksWaitingTermination                 0x20000ca8   Data          20  tasks.o(.bss)
    xSuspendedTaskList                       0x20000cbc   Data          20  tasks.o(.bss)
    .bss                                     0x20000cd0   Section    15000  heap_4.o(.bss)
    ucHeap                                   0x20000cd0   Data       15000  heap_4.o(.bss)
    .bss                                     0x20004768   Section       96  libspace.o(.bss)
    HEAP                                     0x200047c8   Section      512  startup_stm32f103xb.o(HEAP)
    Heap_Mem                                 0x200047c8   Data         512  startup_stm32f103xb.o(HEAP)
    STACK                                    0x200049c8   Section     1024  startup_stm32f103xb.o(STACK)
    Stack_Mem                                0x200049c8   Data        1024  startup_stm32f103xb.o(STACK)
    __initial_sp                             0x20004dc8   Data           0  startup_stm32f103xb.o(STACK)

    Global Symbols

    Symbol Name                              Value     Ov Type        Size  Object(Section)

    BuildAttributes$$THM_ISAv4$P$D$K$B$S$PE$A:L22UL41UL21$X:L11$S22US41US21$IEEE1$IW$USESV6$~STKCKD$USESV7$~SHL$OTIME$ROPI$IEEEX$EBA8$UX$STANDARDLIB$REQ8$PRES8$EABIv2 0x00000000   Number         0  anon$$obj.o ABSOLUTE
    __ARM_use_no_argv                        0x00000000   Number         0  main.o ABSOLUTE
    _printf_flags                            0x00000000   Number         0  printf_stubs.o ABSOLUTE
    _printf_return_value                     0x00000000   Number         0  printf_stubs.o ABSOLUTE
    _printf_sizespec                         0x00000000   Number         0  printf_stubs.o ABSOLUTE
    _printf_widthprec                        0x00000000   Number         0  printf_stubs.o ABSOLUTE
    __ARM_exceptions_init                     - Undefined Weak Reference
    __alloca_initialize                       - Undefined Weak Reference
    __arm_preinit_                            - Undefined Weak Reference
    __cxa_finalize                            - Undefined Weak Reference
    __sigvec_lookup                           - Undefined Weak Reference
    _atexit_init                              - Undefined Weak Reference
    _call_atexit_fns                          - Undefined Weak Reference
    _clock_init                               - Undefined Weak Reference
    _fp_trap_init                             - Undefined Weak Reference
    _fp_trap_shutdown                         - Undefined Weak Reference
    _get_lc_collate                           - Undefined Weak Reference
    _get_lc_monetary                          - Undefined Weak Reference
    _get_lc_time                              - Undefined Weak Reference
    _getenv_init                              - Undefined Weak Reference
    _handle_redirection                       - Undefined Weak Reference
    _init_alloc                               - Undefined Weak Reference
    _init_user_alloc                          - Undefined Weak Reference
    _initio                                   - Undefined Weak Reference
    _printf_post_padding                      - Undefined Weak Reference
    _printf_pre_padding                       - Undefined Weak Reference
    _rand_init                                - Undefined Weak Reference
    _signal_finish                            - Undefined Weak Reference
    _signal_init                              - Undefined Weak Reference
    _terminate_alloc                          - Undefined Weak Reference
    _terminate_user_alloc                     - Undefined Weak Reference
    _terminateio                              - Undefined Weak Reference
    __Vectors_Size                           0x000000ec   Number         0  startup_stm32f103xb.o ABSOLUTE
    __Vectors                                0x08000000   Data           4  startup_stm32f103xb.o(RESET)
    __Vectors_End                            0x080000ec   Data           0  startup_stm32f103xb.o(RESET)
    __main                                   0x080000ed   Thumb Code     8  __main.o(!!!main)
    __scatterload                            0x080000f5   Thumb Code     0  __scatter.o(!!!scatter)
    __scatterload_rt2                        0x080000f5   Thumb Code    44  __scatter.o(!!!scatter)
    __scatterload_rt2_thumb_only             0x080000f5   Thumb Code     0  __scatter.o(!!!scatter)
    __scatterload_null                       0x08000103   Thumb Code     0  __scatter.o(!!!scatter)
    __scatterload_copy                       0x08000129   Thumb Code    26  __scatter_copy.o(!!handler_copy)
    __scatterload_zeroinit                   0x08000145   Thumb Code    28  __scatter_zi.o(!!handler_zi)
    _printf_f                                0x08000161   Thumb Code     0  _printf_f.o(.ARM.Collect$$_printf_percent$$00000003)
    _printf_percent                          0x08000161   Thumb Code     0  _printf_percent.o(.ARM.Collect$$_printf_percent$$00000000)
    _printf_percent_end                      0x08000167   Thumb Code     0  _printf_percent_end.o(.ARM.Collect$$_printf_percent$$00000017)
    __rt_lib_init                            0x0800016b   Thumb Code     0  libinit.o(.ARM.Collect$$libinit$$00000000)
    __rt_lib_init_fp_1                       0x0800016d   Thumb Code     0  libinit2.o(.ARM.Collect$$libinit$$00000002)
    __rt_lib_init_heap_1                     0x0800016d   Thumb Code     0  libinit2.o(.ARM.Collect$$libinit$$0000000A)
    __rt_lib_init_lc_common                  0x0800016d   Thumb Code     0  libinit2.o(.ARM.Collect$$libinit$$0000000F)
    __rt_lib_init_preinit_1                  0x0800016d   Thumb Code     0  libinit2.o(.ARM.Collect$$libinit$$00000004)
    __rt_lib_init_rand_1                     0x0800016d   Thumb Code     0  libinit2.o(.ARM.Collect$$libinit$$0000000E)
    __rt_lib_init_user_alloc_1               0x0800016d   Thumb Code     0  libinit2.o(.ARM.Collect$$libinit$$0000000C)
    __rt_lib_init_lc_collate_1               0x08000173   Thumb Code     0  libinit2.o(.ARM.Collect$$libinit$$00000011)
    __rt_lib_init_lc_ctype_2                 0x08000173   Thumb Code     0  libinit2.o(.ARM.Collect$$libinit$$00000012)
    __rt_lib_init_lc_ctype_1                 0x0800017f   Thumb Code     0  libinit2.o(.ARM.Collect$$libinit$$00000013)
    __rt_lib_init_lc_monetary_1              0x0800017f   Thumb Code     0  libinit2.o(.ARM.Collect$$libinit$$00000015)
    __rt_lib_init_lc_numeric_2               0x0800017f   Thumb Code     0  libinit2.o(.ARM.Collect$$libinit$$00000016)
    __rt_lib_init_alloca_1                   0x08000189   Thumb Code     0  libinit2.o(.ARM.Collect$$libinit$$0000002E)
    __rt_lib_init_argv_1                     0x08000189   Thumb Code     0  libinit2.o(.ARM.Collect$$libinit$$0000002C)
    __rt_lib_init_atexit_1                   0x08000189   Thumb Code     0  libinit2.o(.ARM.Collect$$libinit$$0000001B)
    __rt_lib_init_clock_1                    0x08000189   Thumb Code     0  libinit2.o(.ARM.Collect$$libinit$$00000021)
    __rt_lib_init_cpp_2                      0x08000189   Thumb Code     0  libinit2.o(.ARM.Collect$$libinit$$00000031)
    __rt_lib_init_exceptions_1               0x08000189   Thumb Code     0  libinit2.o(.ARM.Collect$$libinit$$00000030)
    __rt_lib_init_fp_trap_1                  0x08000189   Thumb Code     0  libinit2.o(.ARM.Collect$$libinit$$0000001F)
    __rt_lib_init_getenv_1                   0x08000189   Thumb Code     0  libinit2.o(.ARM.Collect$$libinit$$00000023)
    __rt_lib_init_lc_numeric_1               0x08000189   Thumb Code     0  libinit2.o(.ARM.Collect$$libinit$$00000017)
    __rt_lib_init_lc_time_1                  0x08000189   Thumb Code     0  libinit2.o(.ARM.Collect$$libinit$$00000019)
    __rt_lib_init_signal_1                   0x08000189   Thumb Code     0  libinit2.o(.ARM.Collect$$libinit$$0000001D)
    __rt_lib_init_stdio_1                    0x08000189   Thumb Code     0  libinit2.o(.ARM.Collect$$libinit$$00000025)
    __rt_lib_init_cpp_1                      0x0800018d   Thumb Code     0  libinit2.o(.ARM.Collect$$libinit$$00000032)
    __rt_lib_init_return                     0x0800018d   Thumb Code     0  libinit2.o(.ARM.Collect$$libinit$$00000033)
    __rt_lib_shutdown                        0x0800018f   Thumb Code     0  libshutdown.o(.ARM.Collect$$libshutdown$$00000000)
    __rt_lib_shutdown_cpp_1                  0x08000191   Thumb Code     0  libshutdown2.o(.ARM.Collect$$libshutdown$$00000002)
    __rt_lib_shutdown_fp_trap_1              0x08000191   Thumb Code     0  libshutdown2.o(.ARM.Collect$$libshutdown$$00000007)
    __rt_lib_shutdown_heap_1                 0x08000191   Thumb Code     0  libshutdown2.o(.ARM.Collect$$libshutdown$$0000000F)
    __rt_lib_shutdown_return                 0x08000191   Thumb Code     0  libshutdown2.o(.ARM.Collect$$libshutdown$$00000010)
    __rt_lib_shutdown_signal_1               0x08000191   Thumb Code     0  libshutdown2.o(.ARM.Collect$$libshutdown$$0000000A)
    __rt_lib_shutdown_stdio_1                0x08000191   Thumb Code     0  libshutdown2.o(.ARM.Collect$$libshutdown$$00000004)
    __rt_lib_shutdown_user_alloc_1           0x08000191   Thumb Code     0  libshutdown2.o(.ARM.Collect$$libshutdown$$0000000C)
    __rt_entry                               0x08000193   Thumb Code     0  __rtentry.o(.ARM.Collect$$rtentry$$00000000)
    __rt_entry_presh_1                       0x08000193   Thumb Code     0  __rtentry2.o(.ARM.Collect$$rtentry$$00000002)
    __rt_entry_sh                            0x08000193   Thumb Code     0  __rtentry4.o(.ARM.Collect$$rtentry$$00000004)
    __rt_entry_li                            0x08000199   Thumb Code     0  __rtentry2.o(.ARM.Collect$$rtentry$$0000000A)
    __rt_entry_postsh_1                      0x08000199   Thumb Code     0  __rtentry2.o(.ARM.Collect$$rtentry$$00000009)
    __rt_entry_main                          0x0800019d   Thumb Code     0  __rtentry2.o(.ARM.Collect$$rtentry$$0000000D)
    __rt_entry_postli_1                      0x0800019d   Thumb Code     0  __rtentry2.o(.ARM.Collect$$rtentry$$0000000C)
    __rt_exit                                0x080001a5   Thumb Code     0  rtexit.o(.ARM.Collect$$rtexit$$00000000)
    __rt_exit_ls                             0x080001a7   Thumb Code     0  rtexit2.o(.ARM.Collect$$rtexit$$00000003)
    __rt_exit_prels_1                        0x080001a7   Thumb Code     0  rtexit2.o(.ARM.Collect$$rtexit$$00000002)
    __rt_exit_exit                           0x080001ab   Thumb Code     0  rtexit2.o(.ARM.Collect$$rtexit$$00000004)
    SVC_Handler                              0x080001b1   Thumb Code    32  port.o(.emb_text)
    __asm___6_port_c_39a90d8d__prvStartFirstTask 0x080001d5   Thumb Code    28  port.o(.emb_text)
    PendSV_Handler                           0x080001f5   Thumb Code    72  port.o(.emb_text)
    vPortGetIPSR                             0x08000241   Thumb Code     6  port.o(.emb_text)
    Reset_Handler                            0x08000249   Thumb Code     8  startup_stm32f103xb.o(.text)
    ADC1_2_IRQHandler                        0x08000263   Thumb Code     0  startup_stm32f103xb.o(.text)
    CAN1_RX1_IRQHandler                      0x08000263   Thumb Code     0  startup_stm32f103xb.o(.text)
    CAN1_SCE_IRQHandler                      0x08000263   Thumb Code     0  startup_stm32f103xb.o(.text)
    DMA1_Channel1_IRQHandler                 0x08000263   Thumb Code     0  startup_stm32f103xb.o(.text)
    DMA1_Channel2_IRQHandler                 0x08000263   Thumb Code     0  startup_stm32f103xb.o(.text)
    DMA1_Channel3_IRQHandler                 0x08000263   Thumb Code     0  startup_stm32f103xb.o(.text)
    DMA1_Channel4_IRQHandler                 0x08000263   Thumb Code     0  startup_stm32f103xb.o(.text)
    DMA1_Channel5_IRQHandler                 0x08000263   Thumb Code     0  startup_stm32f103xb.o(.text)
    DMA1_Channel6_IRQHandler                 0x08000263   Thumb Code     0  startup_stm32f103xb.o(.text)
    DMA1_Channel7_IRQHandler                 0x08000263   Thumb Code     0  startup_stm32f103xb.o(.text)
    EXTI0_IRQHandler                         0x08000263   Thumb Code     0  startup_stm32f103xb.o(.text)
    EXTI15_10_IRQHandler                     0x08000263   Thumb Code     0  startup_stm32f103xb.o(.text)
    EXTI1_IRQHandler                         0x08000263   Thumb Code     0  startup_stm32f103xb.o(.text)
    EXTI2_IRQHandler                         0x08000263   Thumb Code     0  startup_stm32f103xb.o(.text)
    EXTI3_IRQHandler                         0x08000263   Thumb Code     0  startup_stm32f103xb.o(.text)
    EXTI4_IRQHandler                         0x08000263   Thumb Code     0  startup_stm32f103xb.o(.text)
    EXTI9_5_IRQHandler                       0x08000263   Thumb Code     0  startup_stm32f103xb.o(.text)
    FLASH_IRQHandler                         0x08000263   Thumb Code     0  startup_stm32f103xb.o(.text)
    I2C1_ER_IRQHandler                       0x08000263   Thumb Code     0  startup_stm32f103xb.o(.text)
    I2C1_EV_IRQHandler                       0x08000263   Thumb Code     0  startup_stm32f103xb.o(.text)
    I2C2_ER_IRQHandler                       0x08000263   Thumb Code     0  startup_stm32f103xb.o(.text)
    I2C2_EV_IRQHandler                       0x08000263   Thumb Code     0  startup_stm32f103xb.o(.text)
    PVD_IRQHandler                           0x08000263   Thumb Code     0  startup_stm32f103xb.o(.text)
    RCC_IRQHandler                           0x08000263   Thumb Code     0  startup_stm32f103xb.o(.text)
    RTC_Alarm_IRQHandler                     0x08000263   Thumb Code     0  startup_stm32f103xb.o(.text)
    RTC_IRQHandler                           0x08000263   Thumb Code     0  startup_stm32f103xb.o(.text)
    SPI1_IRQHandler                          0x08000263   Thumb Code     0  startup_stm32f103xb.o(.text)
    SPI2_IRQHandler                          0x08000263   Thumb Code     0  startup_stm32f103xb.o(.text)
    TAMPER_IRQHandler                        0x08000263   Thumb Code     0  startup_stm32f103xb.o(.text)
    TIM1_BRK_IRQHandler                      0x08000263   Thumb Code     0  startup_stm32f103xb.o(.text)
    TIM1_CC_IRQHandler                       0x08000263   Thumb Code     0  startup_stm32f103xb.o(.text)
    TIM1_TRG_COM_IRQHandler                  0x08000263   Thumb Code     0  startup_stm32f103xb.o(.text)
    TIM1_UP_IRQHandler                       0x08000263   Thumb Code     0  startup_stm32f103xb.o(.text)
    TIM2_IRQHandler                          0x08000263   Thumb Code     0  startup_stm32f103xb.o(.text)
    TIM3_IRQHandler                          0x08000263   Thumb Code     0  startup_stm32f103xb.o(.text)
    USART1_IRQHandler                        0x08000263   Thumb Code     0  startup_stm32f103xb.o(.text)
    USART2_IRQHandler                        0x08000263   Thumb Code     0  startup_stm32f103xb.o(.text)
    USART3_IRQHandler                        0x08000263   Thumb Code     0  startup_stm32f103xb.o(.text)
    USBWakeUp_IRQHandler                     0x08000263   Thumb Code     0  startup_stm32f103xb.o(.text)
    USB_HP_CAN1_TX_IRQHandler                0x08000263   Thumb Code     0  startup_stm32f103xb.o(.text)
    USB_LP_CAN1_RX0_IRQHandler               0x08000263   Thumb Code     0  startup_stm32f103xb.o(.text)
    WWDG_IRQHandler                          0x08000263   Thumb Code     0  startup_stm32f103xb.o(.text)
    __user_initial_stackheap                 0x08000265   Thumb Code     0  startup_stm32f103xb.o(.text)
    __rt_ctype_table                         0x08000289   Thumb Code    16  rt_ctype_table.o(.text)
    __2snprintf                              0x08000299   Thumb Code    48  noretval__2snprintf.o(.text)
    __printf                                 0x080002cd   Thumb Code   270  __printf_wp.o(.text)
    strcpy                                   0x080003db   Thumb Code    72  strcpy.o(.text)
    strncmp                                  0x08000423   Thumb Code   150  strncmp.o(.text)
    __aeabi_memcpy4                          0x080004b9   Thumb Code     0  rt_memcpy_w.o(.text)
    __aeabi_memcpy8                          0x080004b9   Thumb Code     0  rt_memcpy_w.o(.text)
    __rt_memcpy_w                            0x080004b9   Thumb Code   100  rt_memcpy_w.o(.text)
    _memcpy_lastbytes_aligned                0x08000501   Thumb Code     0  rt_memcpy_w.o(.text)
    __aeabi_memset                           0x0800051d   Thumb Code    16  aeabi_memset.o(.text)
    __aeabi_memclr4                          0x0800052d   Thumb Code     0  rt_memclr_w.o(.text)
    __aeabi_memclr8                          0x0800052d   Thumb Code     0  rt_memclr_w.o(.text)
    __rt_memclr_w                            0x0800052d   Thumb Code    78  rt_memclr_w.o(.text)
    _memset_w                                0x08000531   Thumb Code     0  rt_memclr_w.o(.text)
    __use_two_region_memory                  0x0800057b   Thumb Code     2  heapauxi.o(.text)
    __rt_heap_escrow$2region                 0x0800057d   Thumb Code     2  heapauxi.o(.text)
    __rt_heap_expand$2region                 0x0800057f   Thumb Code     2  heapauxi.o(.text)
    __cpp_initialize__aeabi_                 0x08000581   Thumb Code    26  init_aeabi.o(.text)
    __rt_locale                              0x080005a5   Thumb Code     8  rt_locale_intlibspace.o(.text)
    __read_errno                             0x080005ad   Thumb Code    10  _rserrno.o(.text)
    __set_errno                              0x080005b7   Thumb Code    12  _rserrno.o(.text)
    __lib_sel_fp_printf                      0x080005c3   Thumb Code     2  _printf_fp_dec.o(.text)
    _printf_fp_dec_real                      0x08000775   Thumb Code   620  _printf_fp_dec.o(.text)
    _printf_char_common                      0x080009eb   Thumb Code    32  _printf_char_common.o(.text)
    _sputc                                   0x08000a11   Thumb Code    10  _sputc.o(.text)
    _snputc                                  0x08000a1b   Thumb Code    16  _snputc.o(.text)
    __aeabi_memclr                           0x08000a2b   Thumb Code     0  rt_memclr.o(.text)
    __rt_memclr                              0x08000a2b   Thumb Code    68  rt_memclr.o(.text)
    _memset                                  0x08000a2f   Thumb Code     0  rt_memclr.o(.text)
    __user_libspace                          0x08000a71   Thumb Code     8  libspace.o(.text)
    __user_perproc_libspace                  0x08000a71   Thumb Code     0  libspace.o(.text)
    __user_perthread_libspace                0x08000a71   Thumb Code     0  libspace.o(.text)
    __aeabi_errno_addr                       0x08000a79   Thumb Code     8  rt_errno_addr_intlibspace.o(.text)
    __errno$intlibspace                      0x08000a79   Thumb Code     0  rt_errno_addr_intlibspace.o(.text)
    __rt_errno_addr$intlibspace              0x08000a79   Thumb Code     0  rt_errno_addr_intlibspace.o(.text)
    _ll_udiv10                               0x08000a81   Thumb Code   138  lludiv10.o(.text)
    _printf_fp_infnan                        0x08000b0d   Thumb Code   112  _printf_fp_infnan.o(.text)
    _btod_etento                             0x08000b8d   Thumb Code   224  bigflt0.o(.text)
    strcmp                                   0x08000c71   Thumb Code   128  strcmpv7m.o(.text)
    __user_setup_stackheap                   0x08000cf1   Thumb Code    74  sys_stackheap_outer.o(.text)
    exit                                     0x08000d3b   Thumb Code    18  exit.o(.text)
    __I$use$semihosting                      0x08000d4d   Thumb Code     0  use_no_semi.o(.text)
    __use_no_semihosting_swi                 0x08000d4d   Thumb Code     2  use_no_semi.o(.text)
    __semihosting_library_function           0x08000d4f   Thumb Code     0  indicate_semi.o(.text)
    _sys_exit                                0x08000d51   Thumb Code     8  sys_exit.o(.text)
    _btod_d2e                                0x08000d5d   Thumb Code    62  btod.o(CL$$btod_d2e)
    _d2e_denorm_low                          0x08000d9b   Thumb Code    70  btod.o(CL$$btod_d2e_denorm_low)
    _d2e_norm_op1                            0x08000de1   Thumb Code    96  btod.o(CL$$btod_d2e_norm_op1)
    __btod_div_common                        0x08000e41   Thumb Code   696  btod.o(CL$$btod_div_common)
    _e2e                                     0x08001179   Thumb Code   220  btod.o(CL$$btod_e2e)
    _btod_ediv                               0x08001255   Thumb Code    42  btod.o(CL$$btod_ediv)
    _btod_emul                               0x0800127f   Thumb Code    42  btod.o(CL$$btod_emul)
    __btod_mult_common                       0x080012a9   Thumb Code   580  btod.o(CL$$btod_mult_common)
    BusFault_Handler                         0x080014ed   Thumb Code     2  stm32f1xx_it.o(i.BusFault_Handler)
    DebugMon_Handler                         0x080014ef   Thumb Code     2  stm32f1xx_it.o(i.DebugMon_Handler)
    Error_Handler                            0x080014f1   Thumb Code     4  main.o(i.Error_Handler)
    HAL_Delay                                0x080014f5   Thumb Code    32  stm32f1xx_hal.o(i.HAL_Delay)
    HAL_GPIO_Init                            0x08001519   Thumb Code   446  stm32f1xx_hal_gpio.o(i.HAL_GPIO_Init)
    HAL_GPIO_ReadPin                         0x080016f9   Thumb Code    10  stm32f1xx_hal_gpio.o(i.HAL_GPIO_ReadPin)
    HAL_GPIO_WritePin                        0x08001703   Thumb Code    10  stm32f1xx_hal_gpio.o(i.HAL_GPIO_WritePin)
    HAL_GetTick                              0x0800170d   Thumb Code     6  stm32f1xx_hal.o(i.HAL_GetTick)
    HAL_I2C_Init                             0x08001719   Thumb Code   376  stm32f1xx_hal_i2c.o(i.HAL_I2C_Init)
    HAL_I2C_IsDeviceReady                    0x080018a1   Thumb Code   354  stm32f1xx_hal_i2c.o(i.HAL_I2C_IsDeviceReady)
    HAL_I2C_Master_Transmit                  0x08001a0d   Thumb Code   290  stm32f1xx_hal_i2c.o(i.HAL_I2C_Master_Transmit)
    HAL_I2C_MspInit                          0x08001b39   Thumb Code    80  stm32f1xx_hal_msp.o(i.HAL_I2C_MspInit)
    HAL_IncTick                              0x08001b95   Thumb Code    12  stm32f1xx_hal.o(i.HAL_IncTick)
    HAL_Init                                 0x08001ba5   Thumb Code    32  stm32f1xx_hal.o(i.HAL_Init)
    HAL_InitTick                             0x08001bc9   Thumb Code   132  stm32f1xx_hal_timebase_tim.o(i.HAL_InitTick)
    HAL_MspInit                              0x08001c61   Thumb Code    62  stm32f1xx_hal_msp.o(i.HAL_MspInit)
    HAL_NVIC_EnableIRQ                       0x08001ca9   Thumb Code    26  stm32f1xx_hal_cortex.o(i.HAL_NVIC_EnableIRQ)
    HAL_NVIC_SetPriority                     0x08001cc5   Thumb Code    60  stm32f1xx_hal_cortex.o(i.HAL_NVIC_SetPriority)
    HAL_NVIC_SetPriorityGrouping             0x08001d05   Thumb Code    26  stm32f1xx_hal_cortex.o(i.HAL_NVIC_SetPriorityGrouping)
    HAL_RCC_ClockConfig                      0x08001d29   Thumb Code   280  stm32f1xx_hal_rcc.o(i.HAL_RCC_ClockConfig)
    HAL_RCC_GetClockConfig                   0x08001e55   Thumb Code    54  stm32f1xx_hal_rcc.o(i.HAL_RCC_GetClockConfig)
    HAL_RCC_GetPCLK1Freq                     0x08001e95   Thumb Code    20  stm32f1xx_hal_rcc.o(i.HAL_RCC_GetPCLK1Freq)
    HAL_RCC_GetSysClockFreq                  0x08001eb5   Thumb Code    58  stm32f1xx_hal_rcc.o(i.HAL_RCC_GetSysClockFreq)
    HAL_RCC_OscConfig                        0x08001f01   Thumb Code   778  stm32f1xx_hal_rcc.o(i.HAL_RCC_OscConfig)
    HAL_TIMEx_BreakCallback                  0x08002221   Thumb Code     2  stm32f1xx_hal_tim_ex.o(i.HAL_TIMEx_BreakCallback)
    HAL_TIMEx_CommutCallback                 0x08002223   Thumb Code     2  stm32f1xx_hal_tim_ex.o(i.HAL_TIMEx_CommutCallback)
    HAL_TIM_Base_Init                        0x08002225   Thumb Code    90  stm32f1xx_hal_tim.o(i.HAL_TIM_Base_Init)
    HAL_TIM_Base_MspInit                     0x0800227f   Thumb Code     2  stm32f1xx_hal_tim.o(i.HAL_TIM_Base_MspInit)
    HAL_TIM_Base_Start_IT                    0x08002281   Thumb Code    76  stm32f1xx_hal_tim.o(i.HAL_TIM_Base_Start_IT)
    HAL_TIM_IC_CaptureCallback               0x080022d9   Thumb Code     2  stm32f1xx_hal_tim.o(i.HAL_TIM_IC_CaptureCallback)
    HAL_TIM_IRQHandler                       0x080022db   Thumb Code   304  stm32f1xx_hal_tim.o(i.HAL_TIM_IRQHandler)
    HAL_TIM_OC_DelayElapsedCallback          0x0800240b   Thumb Code     2  stm32f1xx_hal_tim.o(i.HAL_TIM_OC_DelayElapsedCallback)
    HAL_TIM_PWM_PulseFinishedCallback        0x0800240d   Thumb Code     2  stm32f1xx_hal_tim.o(i.HAL_TIM_PWM_PulseFinishedCallback)
    HAL_TIM_PeriodElapsedCallback            0x08002411   Thumb Code    24  main.o(i.HAL_TIM_PeriodElapsedCallback)
    HAL_TIM_TriggerCallback                  0x0800242d   Thumb Code     2  stm32f1xx_hal_tim.o(i.HAL_TIM_TriggerCallback)
    HardFault_Handler                        0x0800242f   Thumb Code     2  stm32f1xx_it.o(i.HardFault_Handler)
    MemManage_Handler                        0x08002769   Thumb Code     2  stm32f1xx_it.o(i.MemManage_Handler)
    NMI_Handler                              0x0800276b   Thumb Code     2  stm32f1xx_it.o(i.NMI_Handler)
    SSD1306_Clear                            0x0800276d   Thumb Code    16  ssd1306.o(i.SSD1306_Clear)
    SSD1306_DrawPixel                        0x0800277d   Thumb Code    54  ssd1306.o(i.SSD1306_DrawPixel)
    SSD1306_Fill                             0x080027bd   Thumb Code    18  ssd1306.o(i.SSD1306_Fill)
    SSD1306_GotoXY                           0x080027d5   Thumb Code     8  ssd1306.o(i.SSD1306_GotoXY)
    SSD1306_Init                             0x080027e1   Thumb Code   350  ssd1306.o(i.SSD1306_Init)
    SSD1306_Putc                             0x08002949   Thumb Code   156  ssd1306.o(i.SSD1306_Putc)
    SSD1306_Puts                             0x080029e9   Thumb Code    40  ssd1306.o(i.SSD1306_Puts)
    SSD1306_UpdateScreen                     0x08002a11   Thumb Code    66  ssd1306.o(i.SSD1306_UpdateScreen)
    StartBisectionTask                       0x08002a59   Thumb Code   212  main.o(i.StartBisectionTask)
    StartNewtonTask                          0x08002b61   Thumb Code   212  main.o(i.StartNewtonTask)
    StartSecantTask                          0x08002c65   Thumb Code   212  main.o(i.StartSecantTask)
    SysTick_Handler                          0x08002d69   Thumb Code    38  port.o(i.SysTick_Handler)
    SystemClock_Config                       0x08002d95   Thumb Code    94  main.o(i.SystemClock_Config)
    SystemInit                               0x08002df3   Thumb Code     2  system_stm32f1xx.o(i.SystemInit)
    TIM4_IRQHandler                          0x08002df5   Thumb Code     6  stm32f1xx_it.o(i.TIM4_IRQHandler)
    TIM_Base_SetConfig                       0x08002e01   Thumb Code   108  stm32f1xx_hal_tim.o(i.TIM_Base_SetConfig)
    UsageFault_Handler                       0x08002e79   Thumb Code     2  stm32f1xx_it.o(i.UsageFault_Handler)
    __ARM_fpclassify                         0x08002e7b   Thumb Code    40  fpclassify.o(i.__ARM_fpclassify)
    __armlib_thread_safety_init              0x08002ed1   Thumb Code    38  armlib_lock_glue.o(i.__armlib_thread_safety_init)
    __ieee754_rem_pio2                       0x08002efd   Thumb Code   828  rred.o(i.__ieee754_rem_pio2)
    __kernel_cos                             0x08003285   Thumb Code   230  cos_i.o(i.__kernel_cos)
    __kernel_poly                            0x08003381   Thumb Code   170  poly.o(i.__kernel_poly)
    __kernel_sin                             0x0800342d   Thumb Code   224  sin_i.o(i.__kernel_sin)
    __mathlib_dbl_divzero                    0x08003519   Thumb Code    12  dunder.o(i.__mathlib_dbl_divzero)
    __mathlib_dbl_infnan                     0x08003529   Thumb Code     6  dunder.o(i.__mathlib_dbl_infnan)
    __mathlib_dbl_infnan2                    0x0800352f   Thumb Code     4  dunder.o(i.__mathlib_dbl_infnan2)
    __mathlib_dbl_invalid                    0x08003533   Thumb Code    12  dunder.o(i.__mathlib_dbl_invalid)
    __mathlib_dbl_overflow                   0x0800353f   Thumb Code    14  dunder.o(i.__mathlib_dbl_overflow)
    __mathlib_dbl_underflow                  0x0800354d   Thumb Code    10  dunder.o(i.__mathlib_dbl_underflow)
    _is_digit                                0x0800355d   Thumb Code    14  __printf_wp.o(i._is_digit)
    _mutex_acquire                           0x0800356d   Thumb Code    42  armlib_lock_glue.o(i._mutex_acquire)
    _mutex_free                              0x0800359d   Thumb Code    40  armlib_lock_glue.o(i._mutex_free)
    _mutex_initialize                        0x080035c9   Thumb Code    92  armlib_lock_glue.o(i._mutex_initialize)
    _mutex_release                           0x08003629   Thumb Code    42  armlib_lock_glue.o(i._mutex_release)
    bisectionMethod                          0x08003659   Thumb Code   108  main.o(i.bisectionMethod)
    cancel_other_tasks                       0x080036d5   Thumb Code    34  main.o(i.cancel_other_tasks)
    cos                                      0x080036fd   Thumb Code   148  cos.o(i.cos)
    derivativePostfix                        0x08003799   Thumb Code    74  find_root.o(i.derivativePostfix)
    evaluatePostfix                          0x080037e9   Thumb Code   230  postfix.o(i.evaluatePostfix)
    find_isolation_interval                  0x080038d1   Thumb Code   304  find_root.o(i.find_isolation_interval)
    infixToPostfix                           0x08003a2d   Thumb Code   606  postfix.o(i.infixToPostfix)
    isOperator                               0x08003cb5   Thumb Code    28  postfix.o(i.isOperator)
    main                                     0x08003cd1   Thumb Code   230  main.o(i.main)
    newtonRaphson                            0x08003de1   Thumb Code    84  main.o(i.newtonRaphson)
    osDelay                                  0x08003e45   Thumb Code    12  cmsis_os.o(i.osDelay)
    osKernelStart                            0x08003e51   Thumb Code    10  cmsis_os.o(i.osKernelStart)
    osKernelSysTick                          0x08003e5b   Thumb Code    24  cmsis_os.o(i.osKernelSysTick)
    osRecursiveMutexCreate                   0x08003e73   Thumb Code     4  cmsis_os.o(i.osRecursiveMutexCreate)
    osRecursiveMutexRelease                  0x08003e77   Thumb Code     4  cmsis_os.o(i.osRecursiveMutexRelease)
    osRecursiveMutexWait                     0x08003e7b   Thumb Code     4  cmsis_os.o(i.osRecursiveMutexWait)
    osSystickHandler                         0x08003e7f   Thumb Code    20  cmsis_os.o(i.osSystickHandler)
    osThreadCreate                           0x08003e93   Thumb Code    84  cmsis_os.o(i.osThreadCreate)
    osThreadGetId                            0x08003ee7   Thumb Code     4  cmsis_os.o(i.osThreadGetId)
    osThreadTerminate                        0x08003eeb   Thumb Code    10  cmsis_os.o(i.osThreadTerminate)
    pow                                      0x08003ef5   Thumb Code  2512  pow.o(i.pow)
    precedence                               0x080048cd   Thumb Code    40  postfix.o(i.precedence)
    printFloat                               0x080048f5   Thumb Code    52  key_board.o(i.printFloat)
    printKey                                 0x08004935   Thumb Code   518  key_board.o(i.printKey)
    printString                              0x08004b59   Thumb Code    26  key_board.o(i.printString)
    pvPortMalloc                             0x08004ec1   Thumb Code   216  heap_4.o(i.pvPortMalloc)
    pxPortInitialiseStack                    0x08004f9d   Thumb Code    32  port.o(i.pxPortInitialiseStack)
    round                                    0x08004fc1   Thumb Code   136  round.o(i.round)
    scanKeypad                               0x08005055   Thumb Code   112  key_board.o(i.scanKeypad)
    secantMethod                             0x080050d5   Thumb Code   124  main.o(i.secantMethod)
    sin                                      0x08005161   Thumb Code   150  sin.o(i.sin)
    sqrt                                     0x08005201   Thumb Code    76  sqrt.o(i.sqrt)
    ssd1306_I2C_Init                         0x0800524d   Thumb Code     8  ssd1306.o(i.ssd1306_I2C_Init)
    ssd1306_I2C_Write                        0x08005259   Thumb Code    28  ssd1306.o(i.ssd1306_I2C_Write)
    ssd1306_I2C_WriteMulti                   0x08005279   Thumb Code    50  ssd1306.o(i.ssd1306_I2C_WriteMulti)
    uxListRemove                             0x080052fd   Thumb Code    38  list.o(i.uxListRemove)
    vApplicationGetIdleTaskMemory            0x08005325   Thumb Code    16  freertos.o(i.vApplicationGetIdleTaskMemory)
    vListInitialise                          0x08005339   Thumb Code    22  list.o(i.vListInitialise)
    vListInitialiseItem                      0x0800534f   Thumb Code     6  list.o(i.vListInitialiseItem)
    vListInsert                              0x08005355   Thumb Code    48  list.o(i.vListInsert)
    vListInsertEnd                           0x08005385   Thumb Code    24  list.o(i.vListInsertEnd)
    vPortEnterCritical                       0x0800539d   Thumb Code    54  port.o(i.vPortEnterCritical)
    vPortExitCritical                        0x080053dd   Thumb Code    34  port.o(i.vPortExitCritical)
    vPortFree                                0x08005405   Thumb Code    94  heap_4.o(i.vPortFree)
    vPortSetupTimerInterrupt                 0x08005469   Thumb Code    32  port.o(i.vPortSetupTimerInterrupt)
    vPortValidateInterruptPriority           0x0800548d   Thumb Code    74  port.o(i.vPortValidateInterruptPriority)
    vTaskDelay                               0x080054e1   Thumb Code    66  tasks.o(i.vTaskDelay)
    vTaskDelete                              0x0800552d   Thumb Code   158  tasks.o(i.vTaskDelete)
    vTaskStartScheduler                      0x080055d9   Thumb Code    90  tasks.o(i.vTaskStartScheduler)
    vTaskSuspendAll                          0x08005645   Thumb Code    10  tasks.o(i.vTaskSuspendAll)
    vTaskSwitchContext                       0x08005655   Thumb Code    82  tasks.o(i.vTaskSwitchContext)
    xPortStartScheduler                      0x080056b1   Thumb Code   154  port.o(i.xPortStartScheduler)
    xTaskCreate                              0x08005759   Thumb Code    90  tasks.o(i.xTaskCreate)
    xTaskCreateStatic                        0x080057b3   Thumb Code    86  tasks.o(i.xTaskCreateStatic)
    xTaskGetCurrentTaskHandle                0x08005809   Thumb Code     6  tasks.o(i.xTaskGetCurrentTaskHandle)
    xTaskGetSchedulerState                   0x08005815   Thumb Code    22  tasks.o(i.xTaskGetSchedulerState)
    xTaskGetTickCount                        0x08005831   Thumb Code     6  tasks.o(i.xTaskGetTickCount)
    xTaskGetTickCountFromISR                 0x0800583d   Thumb Code    12  tasks.o(i.xTaskGetTickCountFromISR)
    xTaskIncrementTick                       0x0800584d   Thumb Code   194  tasks.o(i.xTaskIncrementTick)
    xTaskResumeAll                           0x08005919   Thumb Code   182  tasks.o(i.xTaskResumeAll)
    _get_lc_ctype                            0x080059dd   Thumb Code    44  lc_ctype_c.o(locale$$code)
    _get_lc_numeric                          0x08005a09   Thumb Code    44  lc_numeric_c.o(locale$$code)
    __aeabi_d2f                              0x08005a35   Thumb Code     0  d2f.o(x$fpl$d2f)
    _d2f                                     0x08005a35   Thumb Code    98  d2f.o(x$fpl$d2f)
    __aeabi_dadd                             0x08005a99   Thumb Code     0  daddsub_clz.o(x$fpl$dadd)
    _dadd                                    0x08005a99   Thumb Code   332  daddsub_clz.o(x$fpl$dadd)
    __fpl_dcheck_NaN1                        0x08005be9   Thumb Code    10  dcheck1.o(x$fpl$dcheck1)
    __fpl_dcmp_Inf                           0x08005bf9   Thumb Code    24  dcmpi.o(x$fpl$dcmpinf)
    __aeabi_ddiv                             0x08005c11   Thumb Code     0  ddiv.o(x$fpl$ddiv)
    _ddiv                                    0x08005c11   Thumb Code   552  ddiv.o(x$fpl$ddiv)
    __aeabi_d2iz                             0x08005ec1   Thumb Code     0  dfix.o(x$fpl$dfix)
    _dfix                                    0x08005ec1   Thumb Code    94  dfix.o(x$fpl$dfix)
    __aeabi_i2d                              0x08005f1f   Thumb Code     0  dflt_clz.o(x$fpl$dflt)
    _dflt                                    0x08005f1f   Thumb Code    46  dflt_clz.o(x$fpl$dflt)
    __aeabi_ui2d                             0x08005f4d   Thumb Code     0  dflt_clz.o(x$fpl$dfltu)
    _dfltu                                   0x08005f4d   Thumb Code    38  dflt_clz.o(x$fpl$dfltu)
    __aeabi_cdcmple                          0x08005f75   Thumb Code     0  dleqf.o(x$fpl$dleqf)
    _dcmple                                  0x08005f75   Thumb Code   120  dleqf.o(x$fpl$dleqf)
    __fpl_dcmple_InfNaN                      0x08005fd7   Thumb Code     0  dleqf.o(x$fpl$dleqf)
    __aeabi_dmul                             0x08005fed   Thumb Code     0  dmul.o(x$fpl$dmul)
    _dmul                                    0x08005fed   Thumb Code   332  dmul.o(x$fpl$dmul)
    __fpl_dnaninf                            0x08006141   Thumb Code   156  dnaninf.o(x$fpl$dnaninf)
    __fpl_dretinf                            0x080061dd   Thumb Code    12  dretinf.o(x$fpl$dretinf)
    __aeabi_cdrcmple                         0x080061e9   Thumb Code     0  drleqf.o(x$fpl$drleqf)
    _drcmple                                 0x080061e9   Thumb Code   108  drleqf.o(x$fpl$drleqf)
    _drnd                                    0x08006255   Thumb Code   180  drnd.o(x$fpl$drnd)
    __aeabi_drsub                            0x08006309   Thumb Code     0  daddsub_clz.o(x$fpl$drsb)
    _drsb                                    0x08006309   Thumb Code    22  daddsub_clz.o(x$fpl$drsb)
    _dsqrt                                   0x08006321   Thumb Code   456  dsqrt_noumaal.o(x$fpl$dsqrt)
    __aeabi_dsub                             0x080064ed   Thumb Code     0  daddsub_clz.o(x$fpl$dsub)
    _dsub                                    0x080064ed   Thumb Code   464  daddsub_clz.o(x$fpl$dsub)
    __aeabi_f2d                              0x080066c1   Thumb Code     0  f2d.o(x$fpl$f2d)
    _f2d                                     0x080066c1   Thumb Code    86  f2d.o(x$fpl$f2d)
    __aeabi_fadd                             0x08006719   Thumb Code     0  faddsub_clz.o(x$fpl$fadd)
    _fadd                                    0x08006719   Thumb Code   196  faddsub_clz.o(x$fpl$fadd)
    __fpl_fcheck_NaN1                        0x080067dd   Thumb Code     6  fcheck1.o(x$fpl$fcheck1)
    __fpl_fcmp_Inf                           0x080067e9   Thumb Code    24  fcmpi.o(x$fpl$fcmpinf)
    __aeabi_fdiv                             0x08006801   Thumb Code     0  fdiv.o(x$fpl$fdiv)
    _fdiv                                    0x08006801   Thumb Code   384  fdiv.o(x$fpl$fdiv)
    __aeabi_i2f                              0x08006985   Thumb Code     0  fflt_clz.o(x$fpl$fflt)
    _fflt                                    0x08006985   Thumb Code    48  fflt_clz.o(x$fpl$fflt)
    __aeabi_ui2f                             0x080069b5   Thumb Code     0  fflt_clz.o(x$fpl$ffltu)
    _ffltu                                   0x080069b5   Thumb Code    38  fflt_clz.o(x$fpl$ffltu)
    __aeabi_cfcmple                          0x080069dd   Thumb Code     0  fleqf.o(x$fpl$fleqf)
    _fcmple                                  0x080069dd   Thumb Code   104  fleqf.o(x$fpl$fleqf)
    __fpl_fcmple_InfNaN                      0x08006a2f   Thumb Code     0  fleqf.o(x$fpl$fleqf)
    __aeabi_fmul                             0x08006a45   Thumb Code     0  fmul.o(x$fpl$fmul)
    _fmul                                    0x08006a45   Thumb Code   258  fmul.o(x$fpl$fmul)
    __fpl_fnaninf                            0x08006b47   Thumb Code   140  fnaninf.o(x$fpl$fnaninf)
    __fpl_fretinf                            0x08006bd3   Thumb Code    10  fretinf.o(x$fpl$fretinf)
    __aeabi_frsub                            0x08006bdd   Thumb Code     0  faddsub_clz.o(x$fpl$frsb)
    _frsb                                    0x08006bdd   Thumb Code    20  faddsub_clz.o(x$fpl$frsb)
    __aeabi_fsub                             0x08006bf1   Thumb Code     0  faddsub_clz.o(x$fpl$fsub)
    _fsub                                    0x08006bf1   Thumb Code   234  faddsub_clz.o(x$fpl$fsub)
    _printf_fp_dec                           0x08006cdb   Thumb Code     4  printf1.o(x$fpl$printf1)
    __fpl_return_NaN                         0x08006cdf   Thumb Code   100  retnan.o(x$fpl$retnan)
    __ARM_scalbn                             0x08006d43   Thumb Code    92  scalbn.o(x$fpl$scalbn)
    __ARM_scalbnf                            0x08006d9f   Thumb Code    76  scalbnf.o(x$fpl$scalbnf)
    __fpl_cmpreturn                          0x08006deb   Thumb Code    48  trapv.o(x$fpl$trapveneer)
    Font7x10                                 0x08006e1a   Data        1900  fonts.o(.constdata)
    __I$use$fp                               0x08006e1a   Number         0  usenofp.o(x$fpl$usenofp)
    colPins                                  0x08007586   Data           4  key_board.o(.constdata)
    rowPins                                  0x0800758a   Data           5  key_board.o(.constdata)
    os_mutex_def_myMutex                     0x08007590   Data           8  main.o(.constdata)
    AHBPrescTable                            0x080075fe   Data          16  system_stm32f1xx.o(.constdata)
    APBPrescTable                            0x0800760e   Data           8  system_stm32f1xx.o(.constdata)
    __mathlib_zero                           0x080076d0   Data           8  qnan.o(.constdata)
    Region$$Table$$Base                      0x08007884   Number         0  anon$$obj.o(Region$$Table)
    Region$$Table$$Limit                     0x080078a4   Number         0  anon$$obj.o(Region$$Table)
    __ctype                                  0x080078b1   Data           0  lc_ctype_c.o(locale$$data)
    SHT$$INIT_ARRAY$$Base                    0x080079d0   Number         0  armlib_lock_glue.o(.init_array)
    SHT$$INIT_ARRAY$$Limit                   0x080079d4   Number         0  init_aeabi.o(.init_array)
    Font_7x10                                0x20000000   Data           8  fonts.o(.data)
    bufferIndex                              0x2000000c   Data           4  key_board.o(.data)
    keymap                                   0x20000010   Data          20  key_board.o(.data)
    minus                                    0x20000024   Data           4  postfix.o(.data)
    openParentheses                          0x20000028   Data           4  postfix.o(.data)
    found                                    0x20000034   Data           4  main.o(.data)
    best_result                              0x20000038   Data           4  main.o(.data)
    mutexHandle                              0x2000003c   Data           4  main.o(.data)
    output                                   0x20000040   Data           4  main.o(.data)
    uwTickFreq                               0x20000044   Data           1  stm32f1xx_hal.o(.data)
    uwTickPrio                               0x20000048   Data           4  stm32f1xx_hal.o(.data)
    uwTick                                   0x2000004c   Data           4  stm32f1xx_hal.o(.data)
    SystemCoreClock                          0x20000050   Data           4  system_stm32f1xx.o(.data)
    pxCurrentTCB                             0x20000054   Data           4  tasks.o(.data)
    buffer                                   0x20000148   Data         100  key_board.o(.bss)
    hi2c1                                    0x200008cc   Data          84  main.o(.bss)
    taskHandles                              0x20000920   Data          12  main.o(.bss)
    threadData                               0x2000092c   Data          24  main.o(.bss)
    htim4                                    0x20000b98   Data          72  stm32f1xx_hal_timebase_tim.o(.bss)
    __libspace_start                         0x20004768   Data          96  libspace.o(.bss)
    __temporary_stack_top$libspace           0x200047c8   Data           0  libspace.o(.bss)



==============================================================================

Memory Map of the image

  Image Entry point : 0x080000ed

  Load Region LR_IROM1 (Base: 0x08000000, Size: 0x00007a90, Max: 0x00010000, ABSOLUTE)

    Execution Region ER_IROM1 (Exec base: 0x08000000, Load base: 0x08000000, Size: 0x000079d4, Max: 0x00010000, ABSOLUTE)

    Exec Addr    Load Addr    Size         Type   Attr      Idx    E Section Name        Object

    0x08000000   0x08000000   0x000000ec   Data   RO            3    RESET               startup_stm32f103xb.o
    0x080000ec   0x080000ec   0x00000008   Code   RO         4730  * !!!main             c_w.l(__main.o)
    0x080000f4   0x080000f4   0x00000034   Code   RO         5107    !!!scatter          c_w.l(__scatter.o)
    0x08000128   0x08000128   0x0000001a   Code   RO         5109    !!handler_copy      c_w.l(__scatter_copy.o)
    0x08000142   0x08000142   0x00000002   PAD
    0x08000144   0x08000144   0x0000001c   Code   RO         5111    !!handler_zi        c_w.l(__scatter_zi.o)
    0x08000160   0x08000160   0x00000000   Code   RO         4711    .ARM.Collect$$_printf_percent$$00000000  c_w.l(_printf_percent.o)
    0x08000160   0x08000160   0x00000006   Code   RO         4710    .ARM.Collect$$_printf_percent$$00000003  c_w.l(_printf_f.o)
    0x08000166   0x08000166   0x00000004   Code   RO         4816    .ARM.Collect$$_printf_percent$$00000017  c_w.l(_printf_percent_end.o)
    0x0800016a   0x0800016a   0x00000002   Code   RO         5031    .ARM.Collect$$libinit$$00000000  c_w.l(libinit.o)
    0x0800016c   0x0800016c   0x00000000   Code   RO         4823    .ARM.Collect$$libinit$$00000002  c_w.l(libinit2.o)
    0x0800016c   0x0800016c   0x00000000   Code   RO         4825    .ARM.Collect$$libinit$$00000004  c_w.l(libinit2.o)
    0x0800016c   0x0800016c   0x00000000   Code   RO         4828    .ARM.Collect$$libinit$$0000000A  c_w.l(libinit2.o)
    0x0800016c   0x0800016c   0x00000000   Code   RO         4830    .ARM.Collect$$libinit$$0000000C  c_w.l(libinit2.o)
    0x0800016c   0x0800016c   0x00000000   Code   RO         4832    .ARM.Collect$$libinit$$0000000E  c_w.l(libinit2.o)
    0x0800016c   0x0800016c   0x00000006   Code   RO         4833    .ARM.Collect$$libinit$$0000000F  c_w.l(libinit2.o)
    0x08000172   0x08000172   0x00000000   Code   RO         4835    .ARM.Collect$$libinit$$00000011  c_w.l(libinit2.o)
    0x08000172   0x08000172   0x0000000c   Code   RO         4836    .ARM.Collect$$libinit$$00000012  c_w.l(libinit2.o)
    0x0800017e   0x0800017e   0x00000000   Code   RO         4837    .ARM.Collect$$libinit$$00000013  c_w.l(libinit2.o)
    0x0800017e   0x0800017e   0x00000000   Code   RO         4839    .ARM.Collect$$libinit$$00000015  c_w.l(libinit2.o)
    0x0800017e   0x0800017e   0x0000000a   Code   RO         4840    .ARM.Collect$$libinit$$00000016  c_w.l(libinit2.o)
    0x08000188   0x08000188   0x00000000   Code   RO         4841    .ARM.Collect$$libinit$$00000017  c_w.l(libinit2.o)
    0x08000188   0x08000188   0x00000000   Code   RO         4843    .ARM.Collect$$libinit$$00000019  c_w.l(libinit2.o)
    0x08000188   0x08000188   0x00000000   Code   RO         4845    .ARM.Collect$$libinit$$0000001B  c_w.l(libinit2.o)
    0x08000188   0x08000188   0x00000000   Code   RO         4847    .ARM.Collect$$libinit$$0000001D  c_w.l(libinit2.o)
    0x08000188   0x08000188   0x00000000   Code   RO         4849    .ARM.Collect$$libinit$$0000001F  c_w.l(libinit2.o)
    0x08000188   0x08000188   0x00000000   Code   RO         4851    .ARM.Collect$$libinit$$00000021  c_w.l(libinit2.o)
    0x08000188   0x08000188   0x00000000   Code   RO         4853    .ARM.Collect$$libinit$$00000023  c_w.l(libinit2.o)
    0x08000188   0x08000188   0x00000000   Code   RO         4855    .ARM.Collect$$libinit$$00000025  c_w.l(libinit2.o)
    0x08000188   0x08000188   0x00000000   Code   RO         4859    .ARM.Collect$$libinit$$0000002C  c_w.l(libinit2.o)
    0x08000188   0x08000188   0x00000000   Code   RO         4861    .ARM.Collect$$libinit$$0000002E  c_w.l(libinit2.o)
    0x08000188   0x08000188   0x00000000   Code   RO         4863    .ARM.Collect$$libinit$$00000030  c_w.l(libinit2.o)
    0x08000188   0x08000188   0x00000004   Code   RO         4864    .ARM.Collect$$libinit$$00000031  c_w.l(libinit2.o)
    0x0800018c   0x0800018c   0x00000000   Code   RO         4865    .ARM.Collect$$libinit$$00000032  c_w.l(libinit2.o)
    0x0800018c   0x0800018c   0x00000002   Code   RO         4866    .ARM.Collect$$libinit$$00000033  c_w.l(libinit2.o)
    0x0800018e   0x0800018e   0x00000002   Code   RO         5068    .ARM.Collect$$libshutdown$$00000000  c_w.l(libshutdown.o)
    0x08000190   0x08000190   0x00000000   Code   RO         5074    .ARM.Collect$$libshutdown$$00000002  c_w.l(libshutdown2.o)
    0x08000190   0x08000190   0x00000000   Code   RO         5076    .ARM.Collect$$libshutdown$$00000004  c_w.l(libshutdown2.o)
    0x08000190   0x08000190   0x00000000   Code   RO         5079    .ARM.Collect$$libshutdown$$00000007  c_w.l(libshutdown2.o)
    0x08000190   0x08000190   0x00000000   Code   RO         5082    .ARM.Collect$$libshutdown$$0000000A  c_w.l(libshutdown2.o)
    0x08000190   0x08000190   0x00000000   Code   RO         5084    .ARM.Collect$$libshutdown$$0000000C  c_w.l(libshutdown2.o)
    0x08000190   0x08000190   0x00000000   Code   RO         5087    .ARM.Collect$$libshutdown$$0000000F  c_w.l(libshutdown2.o)
    0x08000190   0x08000190   0x00000002   Code   RO         5088    .ARM.Collect$$libshutdown$$00000010  c_w.l(libshutdown2.o)
    0x08000192   0x08000192   0x00000000   Code   RO         4800    .ARM.Collect$$rtentry$$00000000  c_w.l(__rtentry.o)
    0x08000192   0x08000192   0x00000000   Code   RO         4945    .ARM.Collect$$rtentry$$00000002  c_w.l(__rtentry2.o)
    0x08000192   0x08000192   0x00000006   Code   RO         4957    .ARM.Collect$$rtentry$$00000004  c_w.l(__rtentry4.o)
    0x08000198   0x08000198   0x00000000   Code   RO         4947    .ARM.Collect$$rtentry$$00000009  c_w.l(__rtentry2.o)
    0x08000198   0x08000198   0x00000004   Code   RO         4948    .ARM.Collect$$rtentry$$0000000A  c_w.l(__rtentry2.o)
    0x0800019c   0x0800019c   0x00000000   Code   RO         4950    .ARM.Collect$$rtentry$$0000000C  c_w.l(__rtentry2.o)
    0x0800019c   0x0800019c   0x00000008   Code   RO         4951    .ARM.Collect$$rtentry$$0000000D  c_w.l(__rtentry2.o)
    0x080001a4   0x080001a4   0x00000002   Code   RO         5036    .ARM.Collect$$rtexit$$00000000  c_w.l(rtexit.o)
    0x080001a6   0x080001a6   0x00000000   Code   RO         5048    .ARM.Collect$$rtexit$$00000002  c_w.l(rtexit2.o)
    0x080001a6   0x080001a6   0x00000004   Code   RO         5049    .ARM.Collect$$rtexit$$00000003  c_w.l(rtexit2.o)
    0x080001aa   0x080001aa   0x00000006   Code   RO         5050    .ARM.Collect$$rtexit$$00000004  c_w.l(rtexit2.o)
    0x080001b0   0x080001b0   0x00000096   Code   RO         4597    .emb_text           port.o
    0x08000246   0x08000246   0x00000002   PAD
    0x08000248   0x08000248   0x00000040   Code   RO            4    .text               startup_stm32f103xb.o
    0x08000288   0x08000288   0x00000010   Code   RO         4676    .text               c_w.l(rt_ctype_table.o)
    0x08000298   0x08000298   0x00000034   Code   RO         4686    .text               c_w.l(noretval__2snprintf.o)
    0x080002cc   0x080002cc   0x0000010e   Code   RO         4698    .text               c_w.l(__printf_wp.o)
    0x080003da   0x080003da   0x00000048   Code   RO         4712    .text               c_w.l(strcpy.o)
    0x08000422   0x08000422   0x00000096   Code   RO         4716    .text               c_w.l(strncmp.o)
    0x080004b8   0x080004b8   0x00000064   Code   RO         4720    .text               c_w.l(rt_memcpy_w.o)
    0x0800051c   0x0800051c   0x00000010   Code   RO         4724    .text               c_w.l(aeabi_memset.o)
    0x0800052c   0x0800052c   0x0000004e   Code   RO         4726    .text               c_w.l(rt_memclr_w.o)
    0x0800057a   0x0800057a   0x00000006   Code   RO         4728    .text               c_w.l(heapauxi.o)
    0x08000580   0x08000580   0x00000024   Code   RO         4735    .text               c_w.l(init_aeabi.o)
    0x080005a4   0x080005a4   0x00000008   Code   RO         4804    .text               c_w.l(rt_locale_intlibspace.o)
    0x080005ac   0x080005ac   0x00000016   Code   RO         4806    .text               c_w.l(_rserrno.o)
    0x080005c2   0x080005c2   0x0000041e   Code   RO         4808    .text               c_w.l(_printf_fp_dec.o)
    0x080009e0   0x080009e0   0x00000030   Code   RO         4810    .text               c_w.l(_printf_char_common.o)
    0x08000a10   0x08000a10   0x0000000a   Code   RO         4812    .text               c_w.l(_sputc.o)
    0x08000a1a   0x08000a1a   0x00000010   Code   RO         4814    .text               c_w.l(_snputc.o)
    0x08000a2a   0x08000a2a   0x00000044   Code   RO         4820    .text               c_w.l(rt_memclr.o)
    0x08000a6e   0x08000a6e   0x00000002   PAD
    0x08000a70   0x08000a70   0x00000008   Code   RO         4941    .text               c_w.l(libspace.o)
    0x08000a78   0x08000a78   0x00000008   Code   RO         4962    .text               c_w.l(rt_errno_addr_intlibspace.o)
    0x08000a80   0x08000a80   0x0000008a   Code   RO         4964    .text               c_w.l(lludiv10.o)
    0x08000b0a   0x08000b0a   0x00000002   PAD
    0x08000b0c   0x08000b0c   0x00000080   Code   RO         4966    .text               c_w.l(_printf_fp_infnan.o)
    0x08000b8c   0x08000b8c   0x000000e4   Code   RO         4970    .text               c_w.l(bigflt0.o)
    0x08000c70   0x08000c70   0x00000080   Code   RO         4998    .text               c_w.l(strcmpv7m.o)
    0x08000cf0   0x08000cf0   0x0000004a   Code   RO         5018    .text               c_w.l(sys_stackheap_outer.o)
    0x08000d3a   0x08000d3a   0x00000012   Code   RO         5020    .text               c_w.l(exit.o)
    0x08000d4c   0x08000d4c   0x00000002   Code   RO         5044    .text               c_w.l(use_no_semi.o)
    0x08000d4e   0x08000d4e   0x00000000   Code   RO         5046    .text               c_w.l(indicate_semi.o)
    0x08000d4e   0x08000d4e   0x00000002   PAD
    0x08000d50   0x08000d50   0x0000000c   Code   RO         5060    .text               c_w.l(sys_exit.o)
    0x08000d5c   0x08000d5c   0x0000003e   Code   RO         4973    CL$$btod_d2e        c_w.l(btod.o)
    0x08000d9a   0x08000d9a   0x00000046   Code   RO         4975    CL$$btod_d2e_denorm_low  c_w.l(btod.o)
    0x08000de0   0x08000de0   0x00000060   Code   RO         4974    CL$$btod_d2e_norm_op1  c_w.l(btod.o)
    0x08000e40   0x08000e40   0x00000338   Code   RO         4983    CL$$btod_div_common  c_w.l(btod.o)
    0x08001178   0x08001178   0x000000dc   Code   RO         4980    CL$$btod_e2e        c_w.l(btod.o)
    0x08001254   0x08001254   0x0000002a   Code   RO         4977    CL$$btod_ediv       c_w.l(btod.o)
    0x0800127e   0x0800127e   0x0000002a   Code   RO         4976    CL$$btod_emul       c_w.l(btod.o)
    0x080012a8   0x080012a8   0x00000244   Code   RO         4982    CL$$btod_mult_common  c_w.l(btod.o)
    0x080014ec   0x080014ec   0x00000002   Code   RO          789    i.BusFault_Handler  stm32f1xx_it.o
    0x080014ee   0x080014ee   0x00000002   Code   RO          790    i.DebugMon_Handler  stm32f1xx_it.o
    0x080014f0   0x080014f0   0x00000004   Code   RO          643    i.Error_Handler     main.o
    0x080014f4   0x080014f4   0x00000024   Code   RO         1944    i.HAL_Delay         stm32f1xx_hal.o
    0x08001518   0x08001518   0x000001e0   Code   RO         2254    i.HAL_GPIO_Init     stm32f1xx_hal_gpio.o
    0x080016f8   0x080016f8   0x0000000a   Code   RO         2256    i.HAL_GPIO_ReadPin  stm32f1xx_hal_gpio.o
    0x08001702   0x08001702   0x0000000a   Code   RO         2258    i.HAL_GPIO_WritePin  stm32f1xx_hal_gpio.o
    0x0800170c   0x0800170c   0x0000000c   Code   RO         1948    i.HAL_GetTick       stm32f1xx_hal.o
    0x08001718   0x08001718   0x00000188   Code   RO         2925    i.HAL_I2C_Init      stm32f1xx_hal_i2c.o
    0x080018a0   0x080018a0   0x0000016c   Code   RO         2926    i.HAL_I2C_IsDeviceReady  stm32f1xx_hal_i2c.o
    0x08001a0c   0x08001a0c   0x0000012c   Code   RO         2938    i.HAL_I2C_Master_Transmit  stm32f1xx_hal_i2c.o
    0x08001b38   0x08001b38   0x0000005c   Code   RO          854    i.HAL_I2C_MspInit   stm32f1xx_hal_msp.o
    0x08001b94   0x08001b94   0x00000010   Code   RO         1954    i.HAL_IncTick       stm32f1xx_hal.o
    0x08001ba4   0x08001ba4   0x00000024   Code   RO         1955    i.HAL_Init          stm32f1xx_hal.o
    0x08001bc8   0x08001bc8   0x00000098   Code   RO          889    i.HAL_InitTick      stm32f1xx_hal_timebase_tim.o
    0x08001c60   0x08001c60   0x00000048   Code   RO          855    i.HAL_MspInit       stm32f1xx_hal_msp.o
    0x08001ca8   0x08001ca8   0x0000001a   Code   RO         2414    i.HAL_NVIC_EnableIRQ  stm32f1xx_hal_cortex.o
    0x08001cc2   0x08001cc2   0x00000002   PAD
    0x08001cc4   0x08001cc4   0x00000040   Code   RO         2420    i.HAL_NVIC_SetPriority  stm32f1xx_hal_cortex.o
    0x08001d04   0x08001d04   0x00000024   Code   RO         2421    i.HAL_NVIC_SetPriorityGrouping  stm32f1xx_hal_cortex.o
    0x08001d28   0x08001d28   0x0000012c   Code   RO         2112    i.HAL_RCC_ClockConfig  stm32f1xx_hal_rcc.o
    0x08001e54   0x08001e54   0x00000040   Code   RO         2116    i.HAL_RCC_GetClockConfig  stm32f1xx_hal_rcc.o
    0x08001e94   0x08001e94   0x00000020   Code   RO         2119    i.HAL_RCC_GetPCLK1Freq  stm32f1xx_hal_rcc.o
    0x08001eb4   0x08001eb4   0x0000004c   Code   RO         2121    i.HAL_RCC_GetSysClockFreq  stm32f1xx_hal_rcc.o
    0x08001f00   0x08001f00   0x00000320   Code   RO         2124    i.HAL_RCC_OscConfig  stm32f1xx_hal_rcc.o
    0x08002220   0x08002220   0x00000002   Code   RO         1670    i.HAL_TIMEx_BreakCallback  stm32f1xx_hal_tim_ex.o
    0x08002222   0x08002222   0x00000002   Code   RO         1671    i.HAL_TIMEx_CommutCallback  stm32f1xx_hal_tim_ex.o
    0x08002224   0x08002224   0x0000005a   Code   RO          966    i.HAL_TIM_Base_Init  stm32f1xx_hal_tim.o
    0x0800227e   0x0800227e   0x00000002   Code   RO          968    i.HAL_TIM_Base_MspInit  stm32f1xx_hal_tim.o
    0x08002280   0x08002280   0x00000058   Code   RO          971    i.HAL_TIM_Base_Start_IT  stm32f1xx_hal_tim.o
    0x080022d8   0x080022d8   0x00000002   Code   RO         1000    i.HAL_TIM_IC_CaptureCallback  stm32f1xx_hal_tim.o
    0x080022da   0x080022da   0x00000130   Code   RO         1014    i.HAL_TIM_IRQHandler  stm32f1xx_hal_tim.o
    0x0800240a   0x0800240a   0x00000002   Code   RO         1017    i.HAL_TIM_OC_DelayElapsedCallback  stm32f1xx_hal_tim.o
    0x0800240c   0x0800240c   0x00000002   Code   RO         1044    i.HAL_TIM_PWM_PulseFinishedCallback  stm32f1xx_hal_tim.o
    0x0800240e   0x0800240e   0x00000002   PAD
    0x08002410   0x08002410   0x0000001c   Code   RO          644    i.HAL_TIM_PeriodElapsedCallback  main.o
    0x0800242c   0x0800242c   0x00000002   Code   RO         1057    i.HAL_TIM_TriggerCallback  stm32f1xx_hal_tim.o
    0x0800242e   0x0800242e   0x00000002   Code   RO          791    i.HardFault_Handler  stm32f1xx_it.o
    0x08002430   0x08002430   0x0000002e   Code   RO         2968    i.I2C_IsAcknowledgeFailed  stm32f1xx_hal_i2c.o
    0x0800245e   0x0800245e   0x00000002   PAD
    0x08002460   0x08002460   0x0000009c   Code   RO         2972    i.I2C_MasterRequestWrite  stm32f1xx_hal_i2c.o
    0x080024fc   0x080024fc   0x00000056   Code   RO         2983    i.I2C_WaitOnBTFFlagUntilTimeout  stm32f1xx_hal_i2c.o
    0x08002552   0x08002552   0x00000002   PAD
    0x08002554   0x08002554   0x00000090   Code   RO         2984    i.I2C_WaitOnFlagUntilTimeout  stm32f1xx_hal_i2c.o
    0x080025e4   0x080025e4   0x000000bc   Code   RO         2985    i.I2C_WaitOnMasterAddressFlagUntilTimeout  stm32f1xx_hal_i2c.o
    0x080026a0   0x080026a0   0x00000056   Code   RO         2987    i.I2C_WaitOnTXEFlagUntilTimeout  stm32f1xx_hal_i2c.o
    0x080026f6   0x080026f6   0x00000002   PAD
    0x080026f8   0x080026f8   0x00000070   Code   RO          645    i.MX_GPIO_Init      main.o
    0x08002768   0x08002768   0x00000002   Code   RO          792    i.MemManage_Handler  stm32f1xx_it.o
    0x0800276a   0x0800276a   0x00000002   Code   RO          793    i.NMI_Handler       stm32f1xx_it.o
    0x0800276c   0x0800276c   0x00000010   Code   RO          456    i.SSD1306_Clear     ssd1306.o
    0x0800277c   0x0800277c   0x00000040   Code   RO          463    i.SSD1306_DrawPixel  ssd1306.o
    0x080027bc   0x080027bc   0x00000018   Code   RO          466    i.SSD1306_Fill      ssd1306.o
    0x080027d4   0x080027d4   0x0000000c   Code   RO          467    i.SSD1306_GotoXY    ssd1306.o
    0x080027e0   0x080027e0   0x00000168   Code   RO          468    i.SSD1306_Init      ssd1306.o
    0x08002948   0x08002948   0x000000a0   Code   RO          472    i.SSD1306_Putc      ssd1306.o
    0x080029e8   0x080029e8   0x00000028   Code   RO          473    i.SSD1306_Puts      ssd1306.o
    0x08002a10   0x08002a10   0x00000048   Code   RO          480    i.SSD1306_UpdateScreen  ssd1306.o
    0x08002a58   0x08002a58   0x00000108   Code   RO          646    i.StartBisectionTask  main.o
    0x08002b60   0x08002b60   0x00000104   Code   RO          647    i.StartNewtonTask   main.o
    0x08002c64   0x08002c64   0x00000104   Code   RO          648    i.StartSecantTask   main.o
    0x08002d68   0x08002d68   0x0000002c   Code   RO         4598    i.SysTick_Handler   port.o
    0x08002d94   0x08002d94   0x0000005e   Code   RO          649    i.SystemClock_Config  main.o
    0x08002df2   0x08002df2   0x00000002   Code   RO         3352    i.SystemInit        system_stm32f1xx.o
    0x08002df4   0x08002df4   0x0000000c   Code   RO          794    i.TIM4_IRQHandler   stm32f1xx_it.o
    0x08002e00   0x08002e00   0x00000078   Code   RO         1059    i.TIM_Base_SetConfig  stm32f1xx_hal_tim.o
    0x08002e78   0x08002e78   0x00000002   Code   RO          795    i.UsageFault_Handler  stm32f1xx_it.o
    0x08002e7a   0x08002e7a   0x00000028   Code   RO         4917    i.__ARM_fpclassify  m_ws.l(fpclassify.o)
    0x08002ea2   0x08002ea2   0x0000000c   Code   RO          124    i.__ARM_isnanf      find_root.o
    0x08002eae   0x08002eae   0x00000020   Code   RO         2427    i.__NVIC_SetPriority  stm32f1xx_hal_cortex.o
    0x08002ece   0x08002ece   0x00000002   PAD
    0x08002ed0   0x08002ed0   0x0000002c   Code   RO           14    i.__armlib_thread_safety_init  armlib_lock_glue.o
    0x08002efc   0x08002efc   0x00000388   Code   RO         4922    i.__ieee754_rem_pio2  m_ws.l(rred.o)
    0x08003284   0x08003284   0x000000fc   Code   RO         4900    i.__kernel_cos      m_ws.l(cos_i.o)
    0x08003380   0x08003380   0x000000aa   Code   RO         4919    i.__kernel_poly     m_ws.l(poly.o)
    0x0800342a   0x0800342a   0x00000002   PAD
    0x0800342c   0x0800342c   0x000000ec   Code   RO         4927    i.__kernel_sin      m_ws.l(sin_i.o)
    0x08003518   0x08003518   0x00000010   Code   RO         4903    i.__mathlib_dbl_divzero  m_ws.l(dunder.o)
    0x08003528   0x08003528   0x00000006   Code   RO         4904    i.__mathlib_dbl_infnan  m_ws.l(dunder.o)
    0x0800352e   0x0800352e   0x00000004   Code   RO         4905    i.__mathlib_dbl_infnan2  m_ws.l(dunder.o)
    0x08003532   0x08003532   0x0000000c   Code   RO         4906    i.__mathlib_dbl_invalid  m_ws.l(dunder.o)
    0x0800353e   0x0800353e   0x0000000e   Code   RO         4907    i.__mathlib_dbl_overflow  m_ws.l(dunder.o)
    0x0800354c   0x0800354c   0x00000010   Code   RO         4909    i.__mathlib_dbl_underflow  m_ws.l(dunder.o)
    0x0800355c   0x0800355c   0x0000000e   Code   RO         4700    i._is_digit         c_w.l(__printf_wp.o)
    0x0800356a   0x0800356a   0x00000002   PAD
    0x0800356c   0x0800356c   0x00000030   Code   RO           15    i._mutex_acquire    armlib_lock_glue.o
    0x0800359c   0x0800359c   0x0000002c   Code   RO           16    i._mutex_free       armlib_lock_glue.o
    0x080035c8   0x080035c8   0x00000060   Code   RO           17    i._mutex_initialize  armlib_lock_glue.o
    0x08003628   0x08003628   0x00000030   Code   RO           18    i._mutex_release    armlib_lock_glue.o
    0x08003658   0x08003658   0x0000007c   Code   RO          650    i.bisectionMethod   main.o
    0x080036d4   0x080036d4   0x00000028   Code   RO          651    i.cancel_other_tasks  main.o
    0x080036fc   0x080036fc   0x0000009c   Code   RO         4773    i.cos               m_ws.l(cos.o)
    0x08003798   0x08003798   0x00000050   Code   RO          125    i.derivativePostfix  find_root.o
    0x080037e8   0x080037e8   0x000000e6   Code   RO          405    i.evaluatePostfix   postfix.o
    0x080038ce   0x080038ce   0x00000002   PAD
    0x080038d0   0x080038d0   0x00000150   Code   RO          126    i.find_isolation_interval  find_root.o
    0x08003a20   0x08003a20   0x0000000c   Code   RO         4170    i.inHandlerMode     cmsis_os.o
    0x08003a2c   0x08003a2c   0x00000288   Code   RO          406    i.infixToPostfix    postfix.o
    0x08003cb4   0x08003cb4   0x0000001c   Code   RO          407    i.isOperator        postfix.o
    0x08003cd0   0x08003cd0   0x00000104   Code   RO          652    i.main              main.o
    0x08003dd4   0x08003dd4   0x0000000c   Code   RO         4172    i.makeFreeRtosPriority  cmsis_os.o
    0x08003de0   0x08003de0   0x00000064   Code   RO          653    i.newtonRaphson     main.o
    0x08003e44   0x08003e44   0x0000000c   Code   RO         4174    i.osDelay           cmsis_os.o
    0x08003e50   0x08003e50   0x0000000a   Code   RO         4177    i.osKernelStart     cmsis_os.o
    0x08003e5a   0x08003e5a   0x00000018   Code   RO         4178    i.osKernelSysTick   cmsis_os.o
    0x08003e72   0x08003e72   0x00000004   Code   RO         4200    i.osRecursiveMutexCreate  cmsis_os.o
    0x08003e76   0x08003e76   0x00000004   Code   RO         4201    i.osRecursiveMutexRelease  cmsis_os.o
    0x08003e7a   0x08003e7a   0x00000004   Code   RO         4202    i.osRecursiveMutexWait  cmsis_os.o
    0x08003e7e   0x08003e7e   0x00000014   Code   RO         4210    i.osSystickHandler  cmsis_os.o
    0x08003e92   0x08003e92   0x00000054   Code   RO         4211    i.osThreadCreate    cmsis_os.o
    0x08003ee6   0x08003ee6   0x00000004   Code   RO         4212    i.osThreadGetId     cmsis_os.o
    0x08003eea   0x08003eea   0x0000000a   Code   RO         4220    i.osThreadTerminate  cmsis_os.o
    0x08003ef4   0x08003ef4   0x000009d8   Code   RO         4781    i.pow               m_ws.l(pow.o)
    0x080048cc   0x080048cc   0x00000028   Code   RO          408    i.precedence        postfix.o
    0x080048f4   0x080048f4   0x00000040   Code   RO          344    i.printFloat        key_board.o
    0x08004934   0x08004934   0x00000224   Code   RO          345    i.printKey          key_board.o
    0x08004b58   0x08004b58   0x00000020   Code   RO          346    i.printString       key_board.o
    0x08004b78   0x08004b78   0x00000070   Code   RO         3854    i.prvAddCurrentTaskToDelayedList  tasks.o
    0x08004be8   0x08004be8   0x000000d0   Code   RO         3855    i.prvAddNewTaskToReadyList  tasks.o
    0x08004cb8   0x08004cb8   0x00000034   Code   RO         3856    i.prvDeleteTCB      tasks.o
    0x08004cec   0x08004cec   0x00000048   Code   RO         4530    i.prvHeapInit       heap_4.o
    0x08004d34   0x08004d34   0x00000060   Code   RO         3857    i.prvIdleTask       tasks.o
    0x08004d94   0x08004d94   0x00000098   Code   RO         3858    i.prvInitialiseNewTask  tasks.o
    0x08004e2c   0x08004e2c   0x0000004c   Code   RO         4531    i.prvInsertBlockIntoFreeList  heap_4.o
    0x08004e78   0x08004e78   0x00000020   Code   RO         3859    i.prvResetNextTaskUnblockTime  tasks.o
    0x08004e98   0x08004e98   0x00000028   Code   RO         4599    i.prvTaskExitError  port.o
    0x08004ec0   0x08004ec0   0x000000dc   Code   RO         4532    i.pvPortMalloc      heap_4.o
    0x08004f9c   0x08004f9c   0x00000024   Code   RO         4600    i.pxPortInitialiseStack  port.o
    0x08004fc0   0x08004fc0   0x00000094   Code   RO         4790    i.round             m_ws.l(round.o)
    0x08005054   0x08005054   0x00000080   Code   RO          347    i.scanKeypad        key_board.o
    0x080050d4   0x080050d4   0x0000008c   Code   RO          654    i.secantMethod      main.o
    0x08005160   0x08005160   0x000000a0   Code   RO         4793    i.sin               m_ws.l(sin.o)
    0x08005200   0x08005200   0x0000004c   Code   RO         4934    i.sqrt              m_ws.l(sqrt.o)
    0x0800524c   0x0800524c   0x0000000c   Code   RO          481    i.ssd1306_I2C_Init  ssd1306.o
    0x08005258   0x08005258   0x00000020   Code   RO          482    i.ssd1306_I2C_Write  ssd1306.o
    0x08005278   0x08005278   0x00000038   Code   RO          483    i.ssd1306_I2C_WriteMulti  ssd1306.o
    0x080052b0   0x080052b0   0x0000002c   Code   RO           19    i.stm32_lock_acquire  armlib_lock_glue.o
    0x080052dc   0x080052dc   0x00000020   Code   RO           20    i.stm32_lock_release  armlib_lock_glue.o
    0x080052fc   0x080052fc   0x00000026   Code   RO         3490    i.uxListRemove      list.o
    0x08005322   0x08005322   0x00000002   PAD
    0x08005324   0x08005324   0x00000014   Code   RO          759    i.vApplicationGetIdleTaskMemory  freertos.o
    0x08005338   0x08005338   0x00000016   Code   RO         3491    i.vListInitialise   list.o
    0x0800534e   0x0800534e   0x00000006   Code   RO         3492    i.vListInitialiseItem  list.o
    0x08005354   0x08005354   0x00000030   Code   RO         3493    i.vListInsert       list.o
    0x08005384   0x08005384   0x00000018   Code   RO         3494    i.vListInsertEnd    list.o
    0x0800539c   0x0800539c   0x00000040   Code   RO         4602    i.vPortEnterCritical  port.o
    0x080053dc   0x080053dc   0x00000028   Code   RO         4603    i.vPortExitCritical  port.o
    0x08005404   0x08005404   0x00000064   Code   RO         4533    i.vPortFree         heap_4.o
    0x08005468   0x08005468   0x00000024   Code   RO         4604    i.vPortSetupTimerInterrupt  port.o
    0x0800548c   0x0800548c   0x00000054   Code   RO         4605    i.vPortValidateInterruptPriority  port.o
    0x080054e0   0x080054e0   0x0000004c   Code   RO         3868    i.vTaskDelay        tasks.o
    0x0800552c   0x0800552c   0x000000ac   Code   RO         3869    i.vTaskDelete       tasks.o
    0x080055d8   0x080055d8   0x0000006c   Code   RO         3881    i.vTaskStartScheduler  tasks.o
    0x08005644   0x08005644   0x00000010   Code   RO         3883    i.vTaskSuspendAll   tasks.o
    0x08005654   0x08005654   0x0000005c   Code   RO         3884    i.vTaskSwitchContext  tasks.o
    0x080056b0   0x080056b0   0x000000a8   Code   RO         4606    i.xPortStartScheduler  port.o
    0x08005758   0x08005758   0x0000005a   Code   RO         3887    i.xTaskCreate       tasks.o
    0x080057b2   0x080057b2   0x00000056   Code   RO         3888    i.xTaskCreateStatic  tasks.o
    0x08005808   0x08005808   0x0000000c   Code   RO         3891    i.xTaskGetCurrentTaskHandle  tasks.o
    0x08005814   0x08005814   0x0000001c   Code   RO         3892    i.xTaskGetSchedulerState  tasks.o
    0x08005830   0x08005830   0x0000000c   Code   RO         3893    i.xTaskGetTickCount  tasks.o
    0x0800583c   0x0800583c   0x00000010   Code   RO         3894    i.xTaskGetTickCountFromISR  tasks.o
    0x0800584c   0x0800584c   0x000000cc   Code   RO         3895    i.xTaskIncrementTick  tasks.o
    0x08005918   0x08005918   0x000000c4   Code   RO         3901    i.xTaskResumeAll    tasks.o
    0x080059dc   0x080059dc   0x0000002c   Code   RO         4818    locale$$code        c_w.l(lc_ctype_c.o)
    0x08005a08   0x08005a08   0x0000002c   Code   RO         4996    locale$$code        c_w.l(lc_numeric_c.o)
    0x08005a34   0x08005a34   0x00000062   Code   RO         4738    x$fpl$d2f           fz_ws.l(d2f.o)
    0x08005a96   0x08005a96   0x00000002   PAD
    0x08005a98   0x08005a98   0x00000150   Code   RO         4867    x$fpl$dadd          fz_ws.l(daddsub_clz.o)
    0x08005be8   0x08005be8   0x00000010   Code   RO         5002    x$fpl$dcheck1       fz_ws.l(dcheck1.o)
    0x08005bf8   0x08005bf8   0x00000018   Code   RO         5004    x$fpl$dcmpinf       fz_ws.l(dcmpi.o)
    0x08005c10   0x08005c10   0x000002b0   Code   RO         4741    x$fpl$ddiv          fz_ws.l(ddiv.o)
    0x08005ec0   0x08005ec0   0x0000005e   Code   RO         5006    x$fpl$dfix          fz_ws.l(dfix.o)
    0x08005f1e   0x08005f1e   0x0000002e   Code   RO         4874    x$fpl$dflt          fz_ws.l(dflt_clz.o)
    0x08005f4c   0x08005f4c   0x00000026   Code   RO         4873    x$fpl$dfltu         fz_ws.l(dflt_clz.o)
    0x08005f72   0x08005f72   0x00000002   PAD
    0x08005f74   0x08005f74   0x00000078   Code   RO         4879    x$fpl$dleqf         fz_ws.l(dleqf.o)
    0x08005fec   0x08005fec   0x00000154   Code   RO         4744    x$fpl$dmul          fz_ws.l(dmul.o)
    0x08006140   0x08006140   0x0000009c   Code   RO         4881    x$fpl$dnaninf       fz_ws.l(dnaninf.o)
    0x080061dc   0x080061dc   0x0000000c   Code   RO         4883    x$fpl$dretinf       fz_ws.l(dretinf.o)
    0x080061e8   0x080061e8   0x0000006c   Code   RO         4885    x$fpl$drleqf        fz_ws.l(drleqf.o)
    0x08006254   0x08006254   0x000000b4   Code   RO         4887    x$fpl$drnd          fz_ws.l(drnd.o)
    0x08006308   0x08006308   0x00000016   Code   RO         4868    x$fpl$drsb          fz_ws.l(daddsub_clz.o)
    0x0800631e   0x0800631e   0x00000002   PAD
    0x08006320   0x08006320   0x000001cc   Code   RO         5010    x$fpl$dsqrt         fz_ws.l(dsqrt_noumaal.o)
    0x080064ec   0x080064ec   0x000001d4   Code   RO         4869    x$fpl$dsub          fz_ws.l(daddsub_clz.o)
    0x080066c0   0x080066c0   0x00000056   Code   RO         4746    x$fpl$f2d           fz_ws.l(f2d.o)
    0x08006716   0x08006716   0x00000002   PAD
    0x08006718   0x08006718   0x000000c4   Code   RO         4748    x$fpl$fadd          fz_ws.l(faddsub_clz.o)
    0x080067dc   0x080067dc   0x0000000c   Code   RO         4889    x$fpl$fcheck1       fz_ws.l(fcheck1.o)
    0x080067e8   0x080067e8   0x00000018   Code   RO         4891    x$fpl$fcmpinf       fz_ws.l(fcmpi.o)
    0x08006800   0x08006800   0x00000184   Code   RO         4755    x$fpl$fdiv          fz_ws.l(fdiv.o)
    0x08006984   0x08006984   0x00000030   Code   RO         4759    x$fpl$fflt          fz_ws.l(fflt_clz.o)
    0x080069b4   0x080069b4   0x00000026   Code   RO         4758    x$fpl$ffltu         fz_ws.l(fflt_clz.o)
    0x080069da   0x080069da   0x00000002   PAD
    0x080069dc   0x080069dc   0x00000068   Code   RO         4764    x$fpl$fleqf         fz_ws.l(fleqf.o)
    0x08006a44   0x08006a44   0x00000102   Code   RO         4766    x$fpl$fmul          fz_ws.l(fmul.o)
    0x08006b46   0x08006b46   0x0000008c   Code   RO         4893    x$fpl$fnaninf       fz_ws.l(fnaninf.o)
    0x08006bd2   0x08006bd2   0x0000000a   Code   RO         4895    x$fpl$fretinf       fz_ws.l(fretinf.o)
    0x08006bdc   0x08006bdc   0x00000014   Code   RO         4749    x$fpl$frsb          fz_ws.l(faddsub_clz.o)
    0x08006bf0   0x08006bf0   0x000000ea   Code   RO         4750    x$fpl$fsub          fz_ws.l(faddsub_clz.o)
    0x08006cda   0x08006cda   0x00000004   Code   RO         4768    x$fpl$printf1       fz_ws.l(printf1.o)
    0x08006cde   0x08006cde   0x00000064   Code   RO         5016    x$fpl$retnan        fz_ws.l(retnan.o)
    0x08006d42   0x08006d42   0x0000005c   Code   RO         4897    x$fpl$scalbn        fz_ws.l(scalbn.o)
    0x08006d9e   0x08006d9e   0x0000004c   Code   RO         4770    x$fpl$scalbnf       fz_ws.l(scalbnf.o)
    0x08006dea   0x08006dea   0x00000030   Code   RO         5032    x$fpl$trapveneer    fz_ws.l(trapv.o)
    0x08006e1a   0x08006e1a   0x00000000   Code   RO         4899    x$fpl$usenofp       fz_ws.l(usenofp.o)
    0x08006e1a   0x08006e1a   0x0000076c   Data   RO          307    .constdata          fonts.o
    0x08007586   0x08007586   0x00000009   Data   RO          349    .constdata          key_board.o
    0x0800758f   0x0800758f   0x00000001   PAD
    0x08007590   0x08007590   0x0000005c   Data   RO          656    .constdata          main.o
    0x080075ec   0x080075ec   0x00000012   Data   RO         2125    .constdata          stm32f1xx_hal_rcc.o
    0x080075fe   0x080075fe   0x00000010   Data   RO         3353    .constdata          system_stm32f1xx.o
    0x0800760e   0x0800760e   0x00000008   Data   RO         3354    .constdata          system_stm32f1xx.o
    0x08007616   0x08007616   0x00000002   PAD
    0x08007618   0x08007618   0x00000088   Data   RO         4782    .constdata          m_ws.l(pow.o)
    0x080076a0   0x080076a0   0x00000030   Data   RO         4901    .constdata          m_ws.l(cos_i.o)
    0x080076d0   0x080076d0   0x00000008   Data   RO         4921    .constdata          m_ws.l(qnan.o)
    0x080076d8   0x080076d8   0x000000c8   Data   RO         4924    .constdata          m_ws.l(rred.o)
    0x080077a0   0x080077a0   0x00000028   Data   RO         4928    .constdata          m_ws.l(sin_i.o)
    0x080077c8   0x080077c8   0x00000094   Data   RO         4971    .constdata          c_w.l(bigflt0.o)
    0x0800785c   0x0800785c   0x00000027   Data   RO          657    .conststring        main.o
    0x08007883   0x08007883   0x00000001   PAD
    0x08007884   0x08007884   0x00000020   Data   RO         5105    Region$$Table       anon$$obj.o
    0x080078a4   0x080078a4   0x00000110   Data   RO         4817    locale$$data        c_w.l(lc_ctype_c.o)
    0x080079b4   0x080079b4   0x0000001c   Data   RO         4995    locale$$data        c_w.l(lc_numeric_c.o)
    0x080079d0   0x080079d0   0x00000004   Data   RO           22    .init_array         armlib_lock_glue.o
    0x080079d4   0x080079d0   0x00000000   Data   RO         4733    .init_array         c_w.l(init_aeabi.o)


    Execution Region RW_IRAM1 (Exec base: 0x20000000, Load base: 0x080079d4, Size: 0x00004dc8, Max: 0x00005000, ABSOLUTE)

    Exec Addr    Load Addr    Size         Type   Attr      Idx    E Section Name        Object

    0x20000000   0x080079d4   0x00000008   Data   RW          310    .data               fonts.o
    0x20000008   0x080079dc   0x0000001c   Data   RW          350    .data               key_board.o
    0x20000024   0x080079f8   0x00000008   Data   RW          411    .data               postfix.o
    0x2000002c   0x08007a00   0x00000006   Data   RW          485    .data               ssd1306.o
    0x20000032   0x08007a06   0x00000002   PAD
    0x20000034   0x08007a08   0x00000010   Data   RW          658    .data               main.o
    0x20000044   0x08007a18   0x0000000c   Data   RW         1962    .data               stm32f1xx_hal.o
    0x20000050   0x08007a24   0x00000004   Data   RW         3355    .data               system_stm32f1xx.o
    0x20000054   0x08007a28   0x0000003c   Data   RW         3904    .data               tasks.o
    0x20000090   0x08007a64   0x00000020   Data   RW         4539    .data               heap_4.o
    0x200000b0   0x08007a84   0x0000000c   Data   RW         4607    .data               port.o
    0x200000bc        -       0x0000008c   Zero   RW           21    .bss                armlib_lock_glue.o
    0x20000148        -       0x00000064   Zero   RW          348    .bss                key_board.o
    0x200001ac        -       0x00000320   Zero   RW          410    .bss                postfix.o
    0x200004cc        -       0x00000400   Zero   RW          484    .bss                ssd1306.o
    0x200008cc        -       0x00000078   Zero   RW          655    .bss                main.o
    0x20000944        -       0x00000254   Zero   RW          760    .bss                freertos.o
    0x20000b98        -       0x00000048   Zero   RW          892    .bss                stm32f1xx_hal_timebase_tim.o
    0x20000be0        -       0x000000f0   Zero   RW         3903    .bss                tasks.o
    0x20000cd0        -       0x00003a98   Zero   RW         4538    .bss                heap_4.o
    0x20004768        -       0x00000060   Zero   RW         4942    .bss                c_w.l(libspace.o)
    0x200047c8        -       0x00000200   Zero   RW            2    HEAP                startup_stm32f103xb.o
    0x200049c8        -       0x00000400   Zero   RW            1    STACK               startup_stm32f103xb.o


==============================================================================

Image component sizes


      Code (inc. data)   RO Data    RW Data    ZI Data      Debug   Object Name

       356         26          4          0        140      19214   armlib_lock_glue.o
       200          0          0          0          0      25596   cmsis_os.o
         0          0          0          0          0      16952   event_groups.o
       428         38          0          0          0     445459   find_root.o
         0          0       1900          8          0       1219   fonts.o
        20          4          0          0        596       1236   freertos.o
       468         22          0         32      15000       7335   heap_4.o
       772         64          9         28        100       3871   key_board.o
       138          0          0          0          0       3402   list.o
      1686        248        131         16        120      24858   main.o
       662         70          0         12          0      11081   port.o
       946         42          0          8        800       4423   postfix.o
       848         54          0          6       1024       7658   ssd1306.o
        64         26        236          0       1536        812   startup_stm32f103xb.o
       100         18          0         12          0       5250   stm32f1xx_hal.o
       158         14          0          0          0      28190   stm32f1xx_hal_cortex.o
       500         34          0          0          0       3519   stm32f1xx_hal_gpio.o
      1762         42          0          0          0      10545   stm32f1xx_hal_i2c.o
       164         22          0          0          0       1548   stm32f1xx_hal_msp.o
      1272         82         18          0          0       5178   stm32f1xx_hal_rcc.o
       612         24          0          0          0       7176   stm32f1xx_hal_tim.o
         4          0          0          0          0       1581   stm32f1xx_hal_tim_ex.o
       152         20          0          0         72       1479   stm32f1xx_hal_timebase_tim.o
        24          6          0          0          0       3027   stm32f1xx_it.o
         0          0          0          0          0        392   stream_buffer.o
         2          0         24          4          0       1119   system_stm32f1xx.o
      1760        148          0         60        240      22220   tasks.o

    ----------------------------------------------------------------------
     13116       1004       2358        188      19628     664340   Object Totals
         0          0         32          0          0          0   (incl. Generated)
        18          0          4          2          0          0   (incl. Padding)

    ----------------------------------------------------------------------

      Code (inc. data)   RO Data    RW Data    ZI Data      Debug   Library Member Name

         8          0          0          0          0         68   __main.o
       284          0          0          0          0        156   __printf_wp.o
         0          0          0          0          0          0   __rtentry.o
        12          0          0          0          0          0   __rtentry2.o
         6          0          0          0          0          0   __rtentry4.o
        52          8          0          0          0          0   __scatter.o
        26          0          0          0          0          0   __scatter_copy.o
        28          0          0          0          0          0   __scatter_zi.o
        48          6          0          0          0         96   _printf_char_common.o
         6          0          0          0          0          0   _printf_f.o
      1054          0          0          0          0        216   _printf_fp_dec.o
       128         16          0          0          0         84   _printf_fp_infnan.o
         0          0          0          0          0          0   _printf_percent.o
         4          0          0          0          0          0   _printf_percent_end.o
        22          0          0          0          0        100   _rserrno.o
        16          0          0          0          0         68   _snputc.o
        10          0          0          0          0         68   _sputc.o
        16          0          0          0          0         68   aeabi_memset.o
       228          4        148          0          0         96   bigflt0.o
      1936        128          0          0          0        672   btod.o
        18          0          0          0          0         80   exit.o
         6          0          0          0          0        152   heapauxi.o
         0          0          0          0          0          0   indicate_semi.o
        36         10          0          0          0         80   init_aeabi.o
        44         10        272          0          0         76   lc_ctype_c.o
        44         10         28          0          0         76   lc_numeric_c.o
         2          0          0          0          0          0   libinit.o
        34          0          0          0          0          0   libinit2.o
         2          0          0          0          0          0   libshutdown.o
         2          0          0          0          0          0   libshutdown2.o
         8          4          0          0         96         68   libspace.o
       138          0          0          0          0         80   lludiv10.o
        52          4          0          0          0         84   noretval__2snprintf.o
        16          4          0          0          0         76   rt_ctype_table.o
         8          4          0          0          0         68   rt_errno_addr_intlibspace.o
         8          4          0          0          0         68   rt_locale_intlibspace.o
        68          0          0          0          0         68   rt_memclr.o
        78          0          0          0          0         80   rt_memclr_w.o
       100          0          0          0          0         80   rt_memcpy_w.o
         2          0          0          0          0          0   rtexit.o
        10          0          0          0          0          0   rtexit2.o
       128          0          0          0          0         68   strcmpv7m.o
        72          0          0          0          0         80   strcpy.o
       150          0          0          0          0         80   strncmp.o
        12          4          0          0          0         68   sys_exit.o
        74          0          0          0          0         80   sys_stackheap_outer.o
         2          0          0          0          0         68   use_no_semi.o
        98          4          0          0          0         92   d2f.o
       826         16          0          0          0        348   daddsub_clz.o
        16          4          0          0          0         68   dcheck1.o
        24          0          0          0          0         68   dcmpi.o
       688        140          0          0          0        208   ddiv.o
        94          4          0          0          0         92   dfix.o
        84          0          0          0          0        136   dflt_clz.o
       120          4          0          0          0         92   dleqf.o
       340         12          0          0          0        104   dmul.o
       156          4          0          0          0         92   dnaninf.o
        12          0          0          0          0         68   dretinf.o
       108          0          0          0          0         80   drleqf.o
       180          4          0          0          0         80   drnd.o
       460         56          0          0          0        120   dsqrt_noumaal.o
        86          4          0          0          0         84   f2d.o
       450          8          0          0          0        236   faddsub_clz.o
        12          4          0          0          0         68   fcheck1.o
        24          0          0          0          0         68   fcmpi.o
       388         76          0          0          0         96   fdiv.o
        86          0          0          0          0        136   fflt_clz.o
       104          4          0          0          0         84   fleqf.o
       258          4          0          0          0         84   fmul.o
       140          4          0          0          0         84   fnaninf.o
        10          0          0          0          0         68   fretinf.o
         4          0          0          0          0         68   printf1.o
       100          0          0          0          0         68   retnan.o
        92          0          0          0          0         68   scalbn.o
        76          0          0          0          0         68   scalbnf.o
        48          0          0          0          0         68   trapv.o
         0          0          0          0          0          0   usenofp.o
       156          8          0          0          0        104   cos.o
       252         22         48          0          0        124   cos_i.o
        68         10          0          0          0        408   dunder.o
        40          0          0          0          0         68   fpclassify.o
       170          0          0          0          0         96   poly.o
      2520        190        136          0          0        324   pow.o
         0          0          8          0          0          0   qnan.o
       148         12          0          0          0         88   round.o
       904         76        200          0          0        140   rred.o
       160         10          0          0          0        108   sin.o
       236         12         40          0          0        128   sin_i.o
        76          0          0          0          0         84   sqrt.o

    ----------------------------------------------------------------------
     14834        908        880          0         96       7940   Library Totals
        22          0          0          0          0          0   (incl. Padding)

    ----------------------------------------------------------------------

      Code (inc. data)   RO Data    RW Data    ZI Data      Debug   Library Name

      4998        216        448          0         96       3272   c_w.l
      5084        352          0          0          0       2996   fz_ws.l
      4730        340        432          0          0       1672   m_ws.l

    ----------------------------------------------------------------------
     14834        908        880          0         96       7940   Library Totals

    ----------------------------------------------------------------------

==============================================================================


      Code (inc. data)   RO Data    RW Data    ZI Data      Debug   

     27950       1912       3238        188      19724     660836   Grand Totals
     27950       1912       3238        188      19724     660836   ELF Image Totals
     27950       1912       3238        188          0          0   ROM Totals

==============================================================================

    Total RO  Size (Code + RO Data)                31188 (  30.46kB)
    Total RW  Size (RW Data + ZI Data)             19912 (  19.45kB)
    Total ROM Size (Code + RO Data + RW Data)      31376 (  30.64kB)

==============================================================================

